../Src/user/max_peak_detector.cpp:41:1:MaxPeakDetector::MaxPeakDetector(ADC_HandleTypeDef*, TIM_HandleTypeDef*, IndexInfoTX*)	16	static
../Src/user/max_peak_detector.cpp:127:6:void MaxPeakDetector::search_loop()	72	static
../Src/user/max_peak_detector.cpp:97:6:void MaxPeakDetector::detect_peak()	16	static
../Src/user/max_peak_detector.cpp:273:6:void MaxPeakDetector::mark_pinout(uint16_t, uint16_t)	0	static
../Src/user/max_peak_detector.cpp:285:6:void MaxPeakDetector::error_1_handle()	8	static
../Src/user/max_peak_detector.cpp:297:17:void HAL_ADC_ConvHalfCpltCallback(ADC_HandleTypeDef*)	0	static
../Src/user/max_peak_detector.cpp:323:18:void HAL_ADC_ConvCpltCallback(ADC_HandleTypeDef*)	0	static
../Src/user/max_peak_detector.cpp:345:1:Timestamp::Timestamp(uint16_t, uint16_t)	0	static
../Src/user/max_peak_detector.cpp:353:10:uint16_t Timestamp::get_total()	0	static
../Src/user/max_peak_detector.cpp:360:11:static Timestamp Timestamp::from_total(uint16_t)	8	static
