../Src/user/ping_out.cpp:221:6:void first_half_written_callback(DMA_HandleTypeDef*)	8	static
../Src/user/ping_out.cpp:233:6:void secnd_half_written_callback(DMA_HandleTypeDef*)	8	static
../Src/user/ping_out.cpp:35:1:PingOut::PingOut(DMA_HandleTypeDef*, TIM_HandleTypeDef*, IndexInfoTX*)	16	static
../Src/user/ping_out.cpp:97:6:void PingOut::start_periodic_scheduler(uint16_t)	0	static
../Src/user/ping_out.cpp:101:6:void PingOut::schedule(uint16_t, uint16_t)	0	static
../Src/user/ping_out.cpp:147:6:void PingOut::set()	48	static
../Src/user/ping_out.cpp:112:6:void PingOut::update()	8	static
../Src/user/ping_out.cpp:210:6:void PingOut::enable_pingout()	4	static
../Src/user/ping_out.cpp:237:1:cpp)	8	static
../Src/user/ping_out.cpp:237:1:cpp)	0	static
