../Src/user/max_peak_detector.cpp:41:1:MaxPeakDetector::MaxPeakDetector(ADC_HandleTypeDef*, TIM_HandleTypeDef*, IndexInfoTX*)	16	static
../Src/user/max_peak_detector.cpp:121:6:void MaxPeakDetector::search_loop()	32	static
../Src/user/max_peak_detector.cpp:88:11:Timestamp MaxPeakDetector::detect_peak()	16	static
../Src/user/max_peak_detector.cpp:278:6:void MaxPeakDetector::error_1_handle()	8	static
../Src/user/max_peak_detector.cpp:290:17:void HAL_ADC_ConvHalfCpltCallback(ADC_HandleTypeDef*)	0	static
../Src/user/max_peak_detector.cpp:316:18:void HAL_ADC_ConvCpltCallback(ADC_HandleTypeDef*)	0	static
../Src/user/max_peak_detector.cpp:338:1:Timestamp::Timestamp(int, int)	0	static
../Src/user/max_peak_detector.cpp:346:5:int Timestamp::get_total()	0	static
../Src/user/max_peak_detector.cpp:353:11:static Timestamp Timestamp::from_total(int)	0	static
