../Src/user/max_peak_detector.cpp:41:1:MaxPeakDetector::MaxPeakDetector(ADC_HandleTypeDef*, TIM_HandleTypeDef*, IndexInfoTX*)	16	static
../Src/user/max_peak_detector.cpp:123:6:void MaxPeakDetector::search_loop()	40	static
../Src/user/max_peak_detector.cpp:90:11:Timestamp MaxPeakDetector::detect_peak()	24	static
../Src/user/max_peak_detector.cpp:192:6:void MaxPeakDetector::error_1_handle()	8	static
../Src/user/max_peak_detector.cpp:204:17:void HAL_ADC_ConvHalfCpltCallback(ADC_HandleTypeDef*)	0	static
../Src/user/max_peak_detector.cpp:230:18:void HAL_ADC_ConvCpltCallback(ADC_HandleTypeDef*)	0	static
../Src/user/max_peak_detector.cpp:252:1:Timestamp::Timestamp(uint16_t, uint16_t)	0	static
../Src/user/max_peak_detector.cpp:260:10:uint16_t Timestamp::get_total()	0	static
../Src/user/max_peak_detector.cpp:267:11:static Timestamp Timestamp::from_total(uint16_t)	8	static
