../Src/user/ping_out.cpp:193:6:void first_half_written_callback(DMA_HandleTypeDef*)	8	static
../Src/user/ping_out.cpp:209:6:void secnd_half_written_callback(DMA_HandleTypeDef*)	8	static
../Src/user/ping_out.cpp:38:1:PingOut::PingOut(DMA_HandleTypeDef*, TIM_HandleTypeDef*)	16	static
../Src/user/ping_out.cpp:95:6:void PingOut::start_periodic_scheduler(int)	0	static
../Src/user/ping_out.cpp:146:6:void PingOut::set(uint16_t)	40	static
../Src/user/ping_out.cpp:168:6:void PingOut::clear(uint16_t)	48	static
../Src/user/ping_out.cpp:104:6:void PingOut::update()	8	static
../Src/user/ping_out.cpp:216:1:cpp)	8	static
../Src/user/ping_out.cpp:216:1:cpp)	0	static
