../Src/user/ping_out.cpp:231:6:void first_half_written_callback(DMA_HandleTypeDef*)	8	static
../Src/user/ping_out.cpp:243:6:void secnd_half_written_callback(DMA_HandleTypeDef*)	8	static
../Src/user/ping_out.cpp:34:1:PingOut::PingOut(DMA_HandleTypeDef*, TIM_HandleTypeDef*, IndexInfoTX*)	16	static
../Src/user/ping_out.cpp:99:6:void PingOut::start_periodic_scheduler(uint16_t)	0	static
../Src/user/ping_out.cpp:103:6:void PingOut::schedule(uint16_t, uint16_t)	0	static
../Src/user/ping_out.cpp:151:6:void PingOut::set()	48	static
../Src/user/ping_out.cpp:113:6:void PingOut::update()	4	static
../Src/user/ping_out.cpp:214:6:void PingOut::enable_pingout()	4	static
