../Src/user/ping_out.cpp:225:6:void first_half_written_callback(DMA_HandleTypeDef*)	8	static
../Src/user/ping_out.cpp:237:6:void secnd_half_written_callback(DMA_HandleTypeDef*)	8	static
../Src/user/ping_out.cpp:34:1:PingOut::PingOut(DMA_HandleTypeDef*, TIM_HandleTypeDef*, IndexInfoTX*)	16	static
../Src/user/ping_out.cpp:98:6:void PingOut::start_periodic_scheduler(uint16_t)	0	static
../Src/user/ping_out.cpp:102:6:void PingOut::schedule(uint16_t, uint16_t)	0	static
../Src/user/ping_out.cpp:150:6:void PingOut::set()	40	static
../Src/user/ping_out.cpp:112:6:void PingOut::update()	4	static
../Src/user/ping_out.cpp:213:6:void PingOut::enable_pingout()	0	static
