../Drivers/STM32F3xx_HAL_Driver/Src/stm32f3xx_hal_opamp.c:461:13:HAL_OPAMP_MspInit	0	static
../Drivers/STM32F3xx_HAL_Driver/Src/stm32f3xx_hal_opamp.c:243:19:HAL_OPAMP_Init	16	static
../Drivers/STM32F3xx_HAL_Driver/Src/stm32f3xx_hal_opamp.c:478:13:HAL_OPAMP_MspDeInit	0	static
../Drivers/STM32F3xx_HAL_Driver/Src/stm32f3xx_hal_opamp.c:396:19:HAL_OPAMP_DeInit	8	static
../Drivers/STM32F3xx_HAL_Driver/Src/stm32f3xx_hal_opamp.c:515:19:HAL_OPAMP_Start	8	static
../Drivers/STM32F3xx_HAL_Driver/Src/stm32f3xx_hal_opamp.c:557:19:HAL_OPAMP_Stop	8	static
../Drivers/STM32F3xx_HAL_Driver/Src/stm32f3xx_hal_opamp.c:606:19:HAL_OPAMP_SelfCalibrate	32	static
../Drivers/STM32F3xx_HAL_Driver/Src/stm32f3xx_hal_opamp.c:808:19:HAL_OPAMP_Lock	8	static
../Drivers/STM32F3xx_HAL_Driver/Src/stm32f3xx_hal_opamp.c:862:24:HAL_OPAMP_GetState	8	static
../Drivers/STM32F3xx_HAL_Driver/Src/stm32f3xx_hal_opamp.c:884:28:HAL_OPAMP_GetTrimOffset	16	static
