../Src/user/ping_out.cpp:184:6:void first_half_written_callback(DMA_HandleTypeDef*)	8	static
../Src/user/ping_out.cpp:201:6:void secnd_half_written_callback(DMA_HandleTypeDef*)	8	static
../Src/user/ping_out.cpp:33:1:PingOut::PingOut(DMA_HandleTypeDef*, TIM_HandleTypeDef*)	16	static
../Src/user/ping_out.cpp:85:6:void PingOut::schedule_ping(int, int)	0	static
../Src/user/ping_out.cpp:94:6:void PingOut::start_periodic_scheduler(int)	0	static
../Src/user/ping_out.cpp:146:6:void PingOut::set(int)	32	static
../Src/user/ping_out.cpp:171:6:void PingOut::clear(int)	32	static
../Src/user/ping_out.cpp:104:6:void PingOut::update()	16	static
