Archive member included to satisfy reference by file (symbol)

../Middlewares/ST/ARM/DSP/Lib\libarm_cortexM4lf_math.a(arm_sin_cos_f32.o)
                              ./Src/user/max_peak_detector.o (arm_sin_cos_f32)
../Middlewares/ST/ARM/DSP/Lib\libarm_cortexM4lf_math.a(arm_common_tables.o)
                              ../Middlewares/ST/ARM/DSP/Lib\libarm_cortexM4lf_math.a(arm_sin_cos_f32.o) (sinTable_f32)
C:/ST/STM32CubeIDE_2.0.0/STM32CubeIDE/plugins/com.st.stm32cube.ide.mcu.externaltools.gnu-tools-for-stm32.13.3.rel1.win32_1.0.100.202509120712/tools/bin/../lib/gcc/arm-none-eabi/13.3.1/../../../../arm-none-eabi/lib/thumb/v7e-m+fp/hard\libc_nano.a(libc_a-exit.o)
                              C:/ST/STM32CubeIDE_2.0.0/STM32CubeIDE/plugins/com.st.stm32cube.ide.mcu.externaltools.gnu-tools-for-stm32.13.3.rel1.win32_1.0.100.202509120712/tools/bin/../lib/gcc/arm-none-eabi/13.3.1/../../../../arm-none-eabi/lib/thumb/v7e-m+fp/hard/crt0.o (exit)
C:/ST/STM32CubeIDE_2.0.0/STM32CubeIDE/plugins/com.st.stm32cube.ide.mcu.externaltools.gnu-tools-for-stm32.13.3.rel1.win32_1.0.100.202509120712/tools/bin/../lib/gcc/arm-none-eabi/13.3.1/../../../../arm-none-eabi/lib/thumb/v7e-m+fp/hard\libc_nano.a(libc_a-findfp.o)
                              C:/ST/STM32CubeIDE_2.0.0/STM32CubeIDE/plugins/com.st.stm32cube.ide.mcu.externaltools.gnu-tools-for-stm32.13.3.rel1.win32_1.0.100.202509120712/tools/bin/../lib/gcc/arm-none-eabi/13.3.1/../../../../arm-none-eabi/lib/thumb/v7e-m+fp/hard\libc_nano.a(libc_a-exit.o) (__stdio_exit_handler)
C:/ST/STM32CubeIDE_2.0.0/STM32CubeIDE/plugins/com.st.stm32cube.ide.mcu.externaltools.gnu-tools-for-stm32.13.3.rel1.win32_1.0.100.202509120712/tools/bin/../lib/gcc/arm-none-eabi/13.3.1/../../../../arm-none-eabi/lib/thumb/v7e-m+fp/hard\libc_nano.a(libc_a-fwalk.o)
                              C:/ST/STM32CubeIDE_2.0.0/STM32CubeIDE/plugins/com.st.stm32cube.ide.mcu.externaltools.gnu-tools-for-stm32.13.3.rel1.win32_1.0.100.202509120712/tools/bin/../lib/gcc/arm-none-eabi/13.3.1/../../../../arm-none-eabi/lib/thumb/v7e-m+fp/hard\libc_nano.a(libc_a-findfp.o) (_fwalk_sglue)
C:/ST/STM32CubeIDE_2.0.0/STM32CubeIDE/plugins/com.st.stm32cube.ide.mcu.externaltools.gnu-tools-for-stm32.13.3.rel1.win32_1.0.100.202509120712/tools/bin/../lib/gcc/arm-none-eabi/13.3.1/../../../../arm-none-eabi/lib/thumb/v7e-m+fp/hard\libc_nano.a(libc_a-stdio.o)
                              C:/ST/STM32CubeIDE_2.0.0/STM32CubeIDE/plugins/com.st.stm32cube.ide.mcu.externaltools.gnu-tools-for-stm32.13.3.rel1.win32_1.0.100.202509120712/tools/bin/../lib/gcc/arm-none-eabi/13.3.1/../../../../arm-none-eabi/lib/thumb/v7e-m+fp/hard\libc_nano.a(libc_a-findfp.o) (__sread)
C:/ST/STM32CubeIDE_2.0.0/STM32CubeIDE/plugins/com.st.stm32cube.ide.mcu.externaltools.gnu-tools-for-stm32.13.3.rel1.win32_1.0.100.202509120712/tools/bin/../lib/gcc/arm-none-eabi/13.3.1/../../../../arm-none-eabi/lib/thumb/v7e-m+fp/hard\libc_nano.a(libc_a-memset.o)
                              C:/ST/STM32CubeIDE_2.0.0/STM32CubeIDE/plugins/com.st.stm32cube.ide.mcu.externaltools.gnu-tools-for-stm32.13.3.rel1.win32_1.0.100.202509120712/tools/bin/../lib/gcc/arm-none-eabi/13.3.1/../../../../arm-none-eabi/lib/thumb/v7e-m+fp/hard/crt0.o (memset)
C:/ST/STM32CubeIDE_2.0.0/STM32CubeIDE/plugins/com.st.stm32cube.ide.mcu.externaltools.gnu-tools-for-stm32.13.3.rel1.win32_1.0.100.202509120712/tools/bin/../lib/gcc/arm-none-eabi/13.3.1/../../../../arm-none-eabi/lib/thumb/v7e-m+fp/hard\libc_nano.a(libc_a-closer.o)
                              C:/ST/STM32CubeIDE_2.0.0/STM32CubeIDE/plugins/com.st.stm32cube.ide.mcu.externaltools.gnu-tools-for-stm32.13.3.rel1.win32_1.0.100.202509120712/tools/bin/../lib/gcc/arm-none-eabi/13.3.1/../../../../arm-none-eabi/lib/thumb/v7e-m+fp/hard\libc_nano.a(libc_a-stdio.o) (_close_r)
C:/ST/STM32CubeIDE_2.0.0/STM32CubeIDE/plugins/com.st.stm32cube.ide.mcu.externaltools.gnu-tools-for-stm32.13.3.rel1.win32_1.0.100.202509120712/tools/bin/../lib/gcc/arm-none-eabi/13.3.1/../../../../arm-none-eabi/lib/thumb/v7e-m+fp/hard\libc_nano.a(libc_a-reent.o)
                              C:/ST/STM32CubeIDE_2.0.0/STM32CubeIDE/plugins/com.st.stm32cube.ide.mcu.externaltools.gnu-tools-for-stm32.13.3.rel1.win32_1.0.100.202509120712/tools/bin/../lib/gcc/arm-none-eabi/13.3.1/../../../../arm-none-eabi/lib/thumb/v7e-m+fp/hard\libc_nano.a(libc_a-closer.o) (errno)
C:/ST/STM32CubeIDE_2.0.0/STM32CubeIDE/plugins/com.st.stm32cube.ide.mcu.externaltools.gnu-tools-for-stm32.13.3.rel1.win32_1.0.100.202509120712/tools/bin/../lib/gcc/arm-none-eabi/13.3.1/../../../../arm-none-eabi/lib/thumb/v7e-m+fp/hard\libc_nano.a(libc_a-impure.o)
                              C:/ST/STM32CubeIDE_2.0.0/STM32CubeIDE/plugins/com.st.stm32cube.ide.mcu.externaltools.gnu-tools-for-stm32.13.3.rel1.win32_1.0.100.202509120712/tools/bin/../lib/gcc/arm-none-eabi/13.3.1/../../../../arm-none-eabi/lib/thumb/v7e-m+fp/hard\libc_nano.a(libc_a-reent.o) (_impure_ptr)
[...]
Memory Configuration

Name             Origin             Length             Attributes
CCMRAM           0x10000000         0x00004000         xrw
RAM              0x20000000         0x00010000         xrw
FLASH            0x08000000         0x00080000         xr
*default*        0x00000000         0xffffffff

Linker script and memory map

LOAD C:/ST/STM32CubeIDE_2.0.0/STM32CubeIDE/plugins/com.st.stm32cube.ide.mcu.externaltools.gnu-tools-for-stm32.13.3.rel1.win32_1.0.100.202509120712/tools/bin/../lib/gcc/arm-none-eabi/13.3.1/thumb/v7e-m+fp/hard/crti.o
LOAD C:/ST/STM32CubeIDE_2.0.0/STM32CubeIDE/plugins/com.st.stm32cube.ide.mcu.externaltools.gnu-tools-for-stm32.13.3.rel1.win32_1.0.100.202509120712/tools/bin/../lib/gcc/arm-none-eabi/13.3.1/thumb/v7e-m+fp/hard/crtbegin.o
LOAD C:/ST/STM32CubeIDE_2.0.0/STM32CubeIDE/plugins/com.st.stm32cube.ide.mcu.externaltools.gnu-tools-for-stm32.13.3.rel1.win32_1.0.100.202509120712/tools/bin/../lib/gcc/arm-none-eabi/13.3.1/../../../../arm-none-eabi/lib/thumb/v7e-m+fp/hard/crt0.o
LOAD ./Core/Startup/startup_stm32f303retx.o
LOAD ./Drivers/STM32F3xx_HAL_Driver/Src/stm32f3xx_hal.o
LOAD ./Drivers/STM32F3xx_HAL_Driver/Src/stm32f3xx_hal_adc.o
LOAD ./Drivers/STM32F3xx_HAL_Driver/Src/stm32f3xx_hal_adc_ex.o
LOAD ./Drivers/STM32F3xx_HAL_Driver/Src/stm32f3xx_hal_cortex.o
LOAD ./Drivers/STM32F3xx_HAL_Driver/Src/stm32f3xx_hal_dac.o
LOAD ./Drivers/STM32F3xx_HAL_Driver/Src/stm32f3xx_hal_dac_ex.o
LOAD ./Drivers/STM32F3xx_HAL_Driver/Src/stm32f3xx_hal_dma.o
LOAD ./Drivers/STM32F3xx_HAL_Driver/Src/stm32f3xx_hal_exti.o
LOAD ./Drivers/STM32F3xx_HAL_Driver/Src/stm32f3xx_hal_flash.o
LOAD ./Drivers/STM32F3xx_HAL_Driver/Src/stm32f3xx_hal_flash_ex.o
LOAD ./Drivers/STM32F3xx_HAL_Driver/Src/stm32f3xx_hal_gpio.o
LOAD ./Drivers/STM32F3xx_HAL_Driver/Src/stm32f3xx_hal_i2c.o
LOAD ./Drivers/STM32F3xx_HAL_Driver/Src/stm32f3xx_hal_i2c_ex.o
LOAD ./Drivers/STM32F3xx_HAL_Driver/Src/stm32f3xx_hal_opamp.o
LOAD ./Drivers/STM32F3xx_HAL_Driver/Src/stm32f3xx_hal_opamp_ex.o
LOAD ./Drivers/STM32F3xx_HAL_Driver/Src/stm32f3xx_hal_pwr.o
LOAD ./Drivers/STM32F3xx_HAL_Driver/Src/stm32f3xx_hal_pwr_ex.o
LOAD ./Drivers/STM32F3xx_HAL_Driver/Src/stm32f3xx_hal_rcc.o
LOAD ./Drivers/STM32F3xx_HAL_Driver/Src/stm32f3xx_hal_rcc_ex.o
LOAD ./Drivers/STM32F3xx_HAL_Driver/Src/stm32f3xx_hal_tim.o
LOAD ./Drivers/STM32F3xx_HAL_Driver/Src/stm32f3xx_hal_tim_ex.o
LOAD ./Drivers/STM32F3xx_HAL_Driver/Src/stm32f3xx_hal_uart.o
LOAD ./Drivers/STM32F3xx_HAL_Driver/Src/stm32f3xx_hal_uart_ex.o
LOAD ./Src/main.o
LOAD ./Src/stm32f3xx_hal_msp.o
LOAD ./Src/stm32f3xx_it.o
LOAD ./Src/system_stm32f3xx.o
LOAD ./Src/user/adc_over_uart.o
LOAD ./Src/user/cmd_rx.o
LOAD ./Src/user/index_info_transmit.o
LOAD ./Src/user/index_info_tx.o
LOAD ./Src/user/max_peak_detector.o
LOAD ./Src/user/peak_detector_main.o
LOAD ./Src/user/pga.o
LOAD ./Src/user/ping_out.o
LOAD ./Src/user/tof_master.o
LOAD ./Src/user/transponder.o
LOAD ../Middlewares/ST/ARM/DSP/Lib\libarm_cortexM4lf_math.a
START GROUP
LOAD C:/ST/STM32CubeIDE_2.0.0/STM32CubeIDE/plugins/com.st.stm32cube.ide.mcu.externaltools.gnu-tools-for-stm32.13.3.rel1.win32_1.0.100.202509120712/tools/bin/../lib/gcc/arm-none-eabi/13.3.1/../../../../arm-none-eabi/lib/thumb/v7e-m+fp/hard\libstdc++_nano.a
LOAD C:/ST/STM32CubeIDE_2.0.0/STM32CubeIDE/plugins/com.st.stm32cube.ide.mcu.externaltools.gnu-tools-for-stm32.13.3.rel1.win32_1.0.100.202509120712/tools/bin/../lib/gcc/arm-none-eabi/13.3.1/../../../../arm-none-eabi/lib/thumb/v7e-m+fp/hard\libsupc++_nano.a
END GROUP
LOAD C:/ST/STM32CubeIDE_2.0.0/STM32CubeIDE/plugins/com.st.stm32cube.ide.mcu.externaltools.gnu-tools-for-stm32.13.3.rel1.win32_1.0.100.202509120712/tools/bin/../lib/gcc/arm-none-eabi/13.3.1/../../../../arm-none-eabi/lib/thumb/v7e-m+fp/hard\libstdc++_nano.a
LOAD C:/ST/STM32CubeIDE_2.0.0/STM32CubeIDE/plugins/com.st.stm32cube.ide.mcu.externaltools.gnu-tools-for-stm32.13.3.rel1.win32_1.0.100.202509120712/tools/bin/../lib/gcc/arm-none-eabi/13.3.1/../../../../arm-none-eabi/lib/thumb/v7e-m+fp/hard\libm.a
LOAD C:/ST/STM32CubeIDE_2.0.0/STM32CubeIDE/plugins/com.st.stm32cube.ide.mcu.externaltools.gnu-tools-for-stm32.13.3.rel1.win32_1.0.100.202509120712/tools/bin/../lib/gcc/arm-none-eabi/13.3.1/../../../../arm-none-eabi/lib/thumb/v7e-m+fp/hard\libc_nano.a
START GROUP
LOAD C:/ST/STM32CubeIDE_2.0.0/STM32CubeIDE/plugins/com.st.stm32cube.ide.mcu.externaltools.gnu-tools-for-stm32.13.3.rel1.win32_1.0.100.202509120712/tools/bin/../lib/gcc/arm-none-eabi/13.3.1/thumb/v7e-m+fp/hard\libgcc.a
LOAD C:/ST/STM32CubeIDE_2.0.0/STM32CubeIDE/plugins/com.st.stm32cube.ide.mcu.externaltools.gnu-tools-for-stm32.13.3.rel1.win32_1.0.100.202509120712/tools/bin/../lib/gcc/arm-none-eabi/13.3.1/../../../../arm-none-eabi/lib/thumb/v7e-m+fp/hard\libc_nano.a
END GROUP
START GROUP
LOAD C:/ST/STM32CubeIDE_2.0.0/STM32CubeIDE/plugins/com.st.stm32cube.ide.mcu.externaltools.gnu-tools-for-stm32.13.3.rel1.win32_1.0.100.202509120712/tools/bin/../lib/gcc/arm-none-eabi/13.3.1/thumb/v7e-m+fp/hard\libgcc.a
LOAD C:/ST/STM32CubeIDE_2.0.0/STM32CubeIDE/plugins/com.st.stm32cube.ide.mcu.externaltools.gnu-tools-for-stm32.13.3.rel1.win32_1.0.100.202509120712/tools/bin/../lib/gcc/arm-none-eabi/13.3.1/../../../../arm-none-eabi/lib/thumb/v7e-m+fp/hard\libc_nano.a
END GROUP
LOAD C:/ST/STM32CubeIDE_2.0.0/STM32CubeIDE/plugins/com.st.stm32cube.ide.mcu.externaltools.gnu-tools-for-stm32.13.3.rel1.win32_1.0.100.202509120712/tools/bin/../lib/gcc/arm-none-eabi/13.3.1/thumb/v7e-m+fp/hard/crtend.o
LOAD C:/ST/STM32CubeIDE_2.0.0/STM32CubeIDE/plugins/com.st.stm32cube.ide.mcu.externaltools.gnu-tools-for-stm32.13.3.rel1.win32_1.0.100.202509120712/tools/bin/../lib/gcc/arm-none-eabi/13.3.1/thumb/v7e-m+fp/hard/crtn.o
                0x20010000                        _estack = (ORIGIN (RAM) + LENGTH (RAM))
                0x00001200                        _Min_Heap_Size = 0x1200
                0x00001800                        _Min_Stack_Size = 0x1800

.isr_vector     0x08000000      0x194
                0x08000000                        . = ALIGN (0x4)
 *(.isr_vector)
 .isr_vector    0x08000000      0x194 ./Core/Startup/startup_stm32f303retx.o
                0x08000000                g_pfnVectors
                0x08000194                        . = ALIGN (0x4)

.text           0x08000198     0x6228
                0x08000198                        . = ALIGN (0x4)
 *(.text)
 .text          0x08000198       0x40 C:/ST/STM32CubeIDE_2.0.0/STM32CubeIDE/plugins/com.st.stm32cube.ide.mcu.externaltools.gnu-tools-for-stm32.13.3.rel1.win32_1.0.100.202509120712/tools/bin/../lib/gcc/arm-none-eabi/13.3.1/thumb/v7e-m+fp/hard/crtbegin.o
 .text          0x080001d8      0x254 C:/ST/STM32CubeIDE_2.0.0/STM32CubeIDE/plugins/com.st.stm32cube.ide.mcu.externaltools.gnu-tools-for-stm32.13.3.rel1.win32_1.0.100.202509120712/tools/bin/../lib/gcc/arm-none-eabi/13.3.1/thumb/v7e-m+fp/hard\libgcc.a(_arm_muldf3.o)
                0x080001d8                __muldf3
                0x080001d8                __aeabi_dmul
 .text          0x0800042c      0x378 C:/ST/STM32CubeIDE_2.0.0/STM32CubeIDE/plugins/com.st.stm32cube.ide.mcu.externaltools.gnu-tools-for-stm32.13.3.rel1.win32_1.0.100.202509120712/tools/bin/../lib/gcc/arm-none-eabi/13.3.1/thumb/v7e-m+fp/hard\libgcc.a(_arm_addsubdf3.o)
                0x0800042c                __aeabi_drsub
                0x08000434                __aeabi_dsub
                0x08000434                __subdf3
                0x08000438                __aeabi_dadd
                0x08000438                __adddf3
                0x080006b0                __floatunsidf
                0x080006b0                __aeabi_ui2d
                0x080006d0                __floatsidf
                0x080006d0                __aeabi_i2d
                0x080006f4                __aeabi_f2d
                0x080006f4                __extendsfdf2
                0x08000738                __floatundidf
                0x08000738                __aeabi_ul2d
                0x08000748                __floatdidf
                0x08000748                __aeabi_l2d
 .text          0x080007a4      0x110 C:/ST/STM32CubeIDE_2.0.0/STM32CubeIDE/plugins/com.st.stm32cube.ide.mcu.externaltools.gnu-tools-for-stm32.13.3.rel1.win32_1.0.100.202509120712/tools/bin/../lib/gcc/arm-none-eabi/13.3.1/thumb/v7e-m+fp/hard\libgcc.a(_arm_cmpdf2.o)
                0x080007a4                __gtdf2
                0x080007a4                __gedf2
                0x080007ac                __ltdf2
                0x080007ac                __ledf2
                0x080007b4                __nedf2
                0x080007b4                __eqdf2
                0x080007b4                __cmpdf2
                0x08000830                __aeabi_cdrcmple
                0x08000840                __aeabi_cdcmpeq
                0x08000840                __aeabi_cdcmple
                0x08000850                __aeabi_dcmpeq
                0x08000864                __aeabi_dcmplt
                0x08000878                __aeabi_dcmple
                0x0800088c                __aeabi_dcmpge
                0x080008a0                __aeabi_dcmpgt
 .text          0x080008b4       0xa0 C:/ST/STM32CubeIDE_2.0.0/STM32CubeIDE/plugins/com.st.stm32cube.ide.mcu.externaltools.gnu-tools-for-stm32.13.3.rel1.win32_1.0.100.202509120712/tools/bin/../lib/gcc/arm-none-eabi/13.3.1/thumb/v7e-m+fp/hard\libgcc.a(_arm_truncdfsf2.o)
                0x080008b4                __truncdfsf2
                0x080008b4                __aeabi_d2f
 *(.text*)
 .text.Reset_Handler
                0x08000954       0x50 ./Core/Startup/startup_stm32f303retx.o
                0x08000954                Reset_Handler
 .text.Default_Handler
                0x080009a4        0x2 ./Core/Startup/startup_stm32f303retx.o
                0x080009a4                RTC_Alarm_IRQHandler
                0x080009a4                TIM8_TRG_COM_IRQHandler
                0x080009a4                TIM8_CC_IRQHandler
                0x080009a4                DebugMon_Handler
                0x080009a4                SPI4_IRQHandler
                0x080009a4                TIM1_CC_IRQHandler
                0x080009a4                HardFault_Handler
                0x080009a4                USB_HP_IRQHandler
                0x080009a4                PVD_IRQHandler
                0x080009a4                TAMP_STAMP_IRQHandler
                0x080009a4                PendSV_Handler
                0x080009a4                NMI_Handler
                0x080009a4                EXTI3_IRQHandler
                0x080009a4                I2C3_ER_IRQHandler
                0x080009a4                USB_HP_CAN_TX_IRQHandler
                0x080009a4                EXTI0_IRQHandler
                0x080009a4                I2C2_EV_IRQHandler
                0x080009a4                FPU_IRQHandler
                0x080009a4                TIM1_UP_TIM16_IRQHandler
                0x080009a4                UsageFault_Handler
                0x080009a4                ADC1_2_IRQHandler
                0x080009a4                SPI1_IRQHandler
                0x080009a4                CAN_SCE_IRQHandler
                0x080009a4                TIM6_DAC_IRQHandler
                0x080009a4                TIM8_UP_IRQHandler
                0x080009a4                DMA1_Channel4_IRQHandler
                0x080009a4                TIM20_TRG_COM_IRQHandler
                0x080009a4                USART3_IRQHandler
                0x080009a4                DMA1_Channel7_IRQHandler
                0x080009a4                UART5_IRQHandler
                0x080009a4                ADC3_IRQHandler
                0x080009a4                TIM4_IRQHandler
                0x080009a4                CAN_RX1_IRQHandler
                0x080009a4                DMA2_Channel1_IRQHandler
                0x080009a4                I2C1_EV_IRQHandler
                0x080009a4                DMA1_Channel6_IRQHandler
                0x080009a4                UART4_IRQHandler
                0x080009a4                DMA2_Channel4_IRQHandler
                0x080009a4                TIM3_IRQHandler
                0x080009a4                RCC_IRQHandler
                0x080009a4                TIM20_UP_IRQHandler
                0x080009a4                DMA1_Channel1_IRQHandler
                0x080009a4                Default_Handler
                0x080009a4                USBWakeUp_RMP_IRQHandler
                0x080009a4                EXTI15_10_IRQHandler
                0x080009a4                TIM7_IRQHandler
                0x080009a4                I2C3_EV_IRQHandler
                0x080009a4                EXTI9_5_IRQHandler
                0x080009a4                RTC_WKUP_IRQHandler
                0x080009a4                SPI2_IRQHandler
                0x080009a4                USB_LP_CAN_RX0_IRQHandler
                0x080009a4                MemManage_Handler
                0x080009a4                SVC_Handler
                0x080009a4                DMA2_Channel5_IRQHandler
                0x080009a4                DMA1_Channel5_IRQHandler
                0x080009a4                USB_LP_IRQHandler
                0x080009a4                EXTI4_IRQHandler
                0x080009a4                TIM1_TRG_COM_TIM17_IRQHandler
                0x080009a4                DMA1_Channel3_IRQHandler
                0x080009a4                ADC4_IRQHandler
                0x080009a4                WWDG_IRQHandler
                0x080009a4                TIM2_IRQHandler
                0x080009a4                COMP7_IRQHandler
                0x080009a4                COMP1_2_3_IRQHandler
                0x080009a4                EXTI1_IRQHandler
                0x080009a4                USART2_IRQHandler
                0x080009a4                COMP4_5_6_IRQHandler
                0x080009a4                TIM20_BRK_IRQHandler
                0x080009a4                I2C2_ER_IRQHandler
                0x080009a4                TIM8_BRK_IRQHandler
                0x080009a4                FLASH_IRQHandler
                0x080009a4                TIM20_CC_IRQHandler
                0x080009a4                BusFault_Handler
                0x080009a4                SPI3_IRQHandler
                0x080009a4                I2C1_ER_IRQHandler
                0x080009a4                FMC_IRQHandler
                0x080009a4                USBWakeUp_IRQHandler
                0x080009a4                DMA2_Channel3_IRQHandler
                0x080009a4                EXTI2_TSC_IRQHandler
                0x080009a4                TIM1_BRK_TIM15_IRQHandler
 *fill*         0x080009a6        0x2 
 .text.HAL_InitTick
                0x080009a8       0x48 ./Drivers/STM32F3xx_HAL_Driver/Src/stm32f3xx_hal.o
                0x080009a8                HAL_InitTick
 .text.HAL_Init
                0x080009f0       0x24 ./Drivers/STM32F3xx_HAL_Driver/Src/stm32f3xx_hal.o
                0x080009f0                HAL_Init
 .text.HAL_IncTick
                0x08000a14       0x18 ./Drivers/STM32F3xx_HAL_Driver/Src/stm32f3xx_hal.o
                0x08000a14                HAL_IncTick
 .text.HAL_GetTick
                0x08000a2c        0xc ./Drivers/STM32F3xx_HAL_Driver/Src/stm32f3xx_hal.o
                0x08000a2c                HAL_GetTick
 .text.HAL_ADC_ErrorCallback
                0x08000a38        0x4 ./Drivers/STM32F3xx_HAL_Driver/Src/stm32f3xx_hal_adc.o
                0x08000a38                HAL_ADC_ErrorCallback
 .text.ADC_Disable
                0x08000a3c       0x6c ./Drivers/STM32F3xx_HAL_Driver/Src/stm32f3xx_hal_adc_ex.o
 .text.ADC_Enable
                0x08000aa8       0x6c ./Drivers/STM32F3xx_HAL_Driver/Src/stm32f3xx_hal_adc_ex.o
 .text.ADC_DMAError
                0x08000b14       0x18 ./Drivers/STM32F3xx_HAL_Driver/Src/stm32f3xx_hal_adc_ex.o
 .text.ADC_DMAHalfConvCplt
                0x08000b2c        0x8 ./Drivers/STM32F3xx_HAL_Driver/Src/stm32f3xx_hal_adc_ex.o
 .text.ADC_DMAConvCplt
                0x08000b34       0x44 ./Drivers/STM32F3xx_HAL_Driver/Src/stm32f3xx_hal_adc_ex.o
 .text.HAL_ADC_Init
                0x08000b78      0x494 ./Drivers/STM32F3xx_HAL_Driver/Src/stm32f3xx_hal_adc_ex.o
                0x08000b78                HAL_ADC_Init
 .text.HAL_ADC_Start_DMA
                0x0800100c      0x184 ./Drivers/STM32F3xx_HAL_Driver/Src/stm32f3xx_hal_adc_ex.o
                0x0800100c                HAL_ADC_Start_DMA
 .text.HAL_ADC_ConfigChannel
                0x08001190      0x4c0 ./Drivers/STM32F3xx_HAL_Driver/Src/stm32f3xx_hal_adc_ex.o
                0x08001190                HAL_ADC_ConfigChannel
 .text.HAL_ADCEx_MultiModeConfigChannel
                0x08001650      0x190 ./Drivers/STM32F3xx_HAL_Driver/Src/stm32f3xx_hal_adc_ex.o
                0x08001650                HAL_ADCEx_MultiModeConfigChannel
 .text.HAL_NVIC_SetPriorityGrouping
                0x080017e0       0x3c ./Drivers/STM32F3xx_HAL_Driver/Src/stm32f3xx_hal_cortex.o
                0x080017e0                HAL_NVIC_SetPriorityGrouping
 .text.HAL_NVIC_SetPriority
                0x0800181c       0x8c ./Drivers/STM32F3xx_HAL_Driver/Src/stm32f3xx_hal_cortex.o
                0x0800181c                HAL_NVIC_SetPriority
 .text.HAL_NVIC_EnableIRQ
                0x080018a8       0x28 ./Drivers/STM32F3xx_HAL_Driver/Src/stm32f3xx_hal_cortex.o
                0x080018a8                HAL_NVIC_EnableIRQ
 .text.HAL_SYSTICK_Config
                0x080018d0       0x34 ./Drivers/STM32F3xx_HAL_Driver/Src/stm32f3xx_hal_cortex.o
                0x080018d0                HAL_SYSTICK_Config
 .text.HAL_DAC_Init
                0x08001904       0x48 ./Drivers/STM32F3xx_HAL_Driver/Src/stm32f3xx_hal_dac.o
                0x08001904                HAL_DAC_Init
 .text.HAL_DAC_ConfigChannel
                0x0800194c       0xa4 ./Drivers/STM32F3xx_HAL_Driver/Src/stm32f3xx_hal_dac_ex.o
                0x0800194c                HAL_DAC_ConfigChannel
 .text.HAL_DMA_Init
                0x080019f0      0x178 ./Drivers/STM32F3xx_HAL_Driver/Src/stm32f3xx_hal_dma.o
                0x080019f0                HAL_DMA_Init
 .text.HAL_DMA_Start_IT
                0x08001b68       0xa4 ./Drivers/STM32F3xx_HAL_Driver/Src/stm32f3xx_hal_dma.o
                0x08001b68                HAL_DMA_Start_IT
 .text.HAL_DMA_Abort
                0x08001c0c       0x48 ./Drivers/STM32F3xx_HAL_Driver/Src/stm32f3xx_hal_dma.o
                0x08001c0c                HAL_DMA_Abort
 .text.HAL_DMA_Abort_IT
                0x08001c54       0x40 ./Drivers/STM32F3xx_HAL_Driver/Src/stm32f3xx_hal_dma.o
                0x08001c54                HAL_DMA_Abort_IT
 .text.HAL_DMA_IRQHandler
                0x08001c94       0x94 ./Drivers/STM32F3xx_HAL_Driver/Src/stm32f3xx_hal_dma.o
                0x08001c94                HAL_DMA_IRQHandler
 .text.HAL_GPIO_Init
                0x08001d28      0x4e4 ./Drivers/STM32F3xx_HAL_Driver/Src/stm32f3xx_hal_gpio.o
                0x08001d28                HAL_GPIO_Init
 .text.HAL_GPIO_WritePin
                0x0800220c       0x34 ./Drivers/STM32F3xx_HAL_Driver/Src/stm32f3xx_hal_gpio.o
                0x0800220c                HAL_GPIO_WritePin
 .text.HAL_OPAMP_Init
                0x08002240      0x1fc ./Drivers/STM32F3xx_HAL_Driver/Src/stm32f3xx_hal_opamp.o
                0x08002240                HAL_OPAMP_Init
 .text.HAL_RCC_OscConfig
                0x0800243c      0x6a4 ./Drivers/STM32F3xx_HAL_Driver/Src/stm32f3xx_hal_rcc.o
                0x0800243c                HAL_RCC_OscConfig
 .text.HAL_RCC_ClockConfig
                0x08002ae0      0x25c ./Drivers/STM32F3xx_HAL_Driver/Src/stm32f3xx_hal_rcc.o
                0x08002ae0                HAL_RCC_ClockConfig
 .text.HAL_RCC_GetSysClockFreq
                0x08002d3c       0x44 ./Drivers/STM32F3xx_HAL_Driver/Src/stm32f3xx_hal_rcc.o
                0x08002d3c                HAL_RCC_GetSysClockFreq
 .text.HAL_RCC_GetPCLK1Freq
                0x08002d80       0x30 ./Drivers/STM32F3xx_HAL_Driver/Src/stm32f3xx_hal_rcc.o
                0x08002d80                HAL_RCC_GetPCLK1Freq
 .text.HAL_RCC_GetPCLK2Freq
                0x08002db0       0x30 ./Drivers/STM32F3xx_HAL_Driver/Src/stm32f3xx_hal_rcc.o
                0x08002db0                HAL_RCC_GetPCLK2Freq
 .text.HAL_RCCEx_PeriphCLKConfig
                0x08002de0      0x4d4 ./Drivers/STM32F3xx_HAL_Driver/Src/stm32f3xx_hal_rcc_ex.o
                0x08002de0                HAL_RCCEx_PeriphCLKConfig
 .text.HAL_TIM_Base_Init
                0x080032b4      0x234 ./Drivers/STM32F3xx_HAL_Driver/Src/stm32f3xx_hal_tim.o
                0x080032b4                HAL_TIM_Base_Init
 .text.HAL_TIM_Base_Start
                0x080034e8       0xd8 ./Drivers/STM32F3xx_HAL_Driver/Src/stm32f3xx_hal_tim.o
                0x080034e8                HAL_TIM_Base_Start
 .text.HAL_TIM_OnePulse_MspInit
                0x080035c0        0x4 ./Drivers/STM32F3xx_HAL_Driver/Src/stm32f3xx_hal_tim.o
                0x080035c0                HAL_TIM_OnePulse_MspInit
 .text.HAL_TIM_OnePulse_Init
                0x080035c4      0x218 ./Drivers/STM32F3xx_HAL_Driver/Src/stm32f3xx_hal_tim.o
                0x080035c4                HAL_TIM_OnePulse_Init
 .text.HAL_TIM_ConfigClockSource
                0x080037dc      0x4e4 ./Drivers/STM32F3xx_HAL_Driver/Src/stm32f3xx_hal_tim.o
                0x080037dc                HAL_TIM_ConfigClockSource
 .text.HAL_TIMEx_MasterConfigSynchronization
                0x08003cc0      0x198 ./Drivers/STM32F3xx_HAL_Driver/Src/stm32f3xx_hal_tim_ex.o
                0x08003cc0                HAL_TIMEx_MasterConfigSynchronization
 .text.HAL_UART_Transmit
                0x08003e58      0x114 ./Drivers/STM32F3xx_HAL_Driver/Src/stm32f3xx_hal_uart.o
                0x08003e58                HAL_UART_Transmit
 .text.HAL_UART_TxCpltCallback
                0x08003f6c        0x4 ./Drivers/STM32F3xx_HAL_Driver/Src/stm32f3xx_hal_uart.o
                0x08003f6c                HAL_UART_TxCpltCallback
 .text.HAL_UART_ErrorCallback
                0x08003f70        0x4 ./Drivers/STM32F3xx_HAL_Driver/Src/stm32f3xx_hal_uart.o
                0x08003f70                HAL_UART_ErrorCallback
 .text.UART_DMAAbortOnError
                0x08003f74       0x14 ./Drivers/STM32F3xx_HAL_Driver/Src/stm32f3xx_hal_uart.o
 .text.HAL_UARTEx_RxEventCallback
                0x08003f88        0x4 ./Drivers/STM32F3xx_HAL_Driver/Src/stm32f3xx_hal_uart.o
                0x08003f88                HAL_UARTEx_RxEventCallback
 .text.HAL_UART_IRQHandler
                0x08003f8c      0x360 ./Drivers/STM32F3xx_HAL_Driver/Src/stm32f3xx_hal_uart.o
                0x08003f8c                HAL_UART_IRQHandler
 .text.UART_SetConfig
                0x080042ec      0x268 ./Drivers/STM32F3xx_HAL_Driver/Src/stm32f3xx_hal_uart.o
                0x080042ec                UART_SetConfig
 .text.UART_AdvFeatureConfig
                0x08004554      0x1d0 ./Drivers/STM32F3xx_HAL_Driver/Src/stm32f3xx_hal_uart.o
                0x08004554                UART_AdvFeatureConfig
 .text.UART_CheckIdleState
                0x08004724      0x250 ./Drivers/STM32F3xx_HAL_Driver/Src/stm32f3xx_hal_uart.o
                0x08004724                UART_CheckIdleState
 .text.HAL_UART_Init
                0x08004974       0xcc ./Drivers/STM32F3xx_HAL_Driver/Src/stm32f3xx_hal_uart.o
                0x08004974                HAL_UART_Init
 .text.HAL_UARTEx_WakeupCallback
                0x08004a40        0x4 ./Drivers/STM32F3xx_HAL_Driver/Src/stm32f3xx_hal_uart_ex.o
                0x08004a40                HAL_UARTEx_WakeupCallback
 *fill*         0x08004a44        0x4 
 .text.SystemClock_Config
                0x08004a48       0xa4 ./Src/main.o
                0x08004a48                SystemClock_Config
 .text.startup.main
                0x08004aec      0x5c4 ./Src/main.o
                0x08004aec                main
 .text.Error_Handler
                0x080050b0        0x4 ./Src/main.o
                0x080050b0                Error_Handler
 .text.assert_failed
                0x080050b4        0x4 ./Src/main.o
                0x080050b4                assert_failed
 .text.HAL_MspInit
                0x080050b8       0x34 ./Src/stm32f3xx_hal_msp.o
                0x080050b8                HAL_MspInit
 .text.HAL_ADC_MspInit
                0x080050ec      0x150 ./Src/stm32f3xx_hal_msp.o
                0x080050ec                HAL_ADC_MspInit
 *fill*         0x0800523c        0x4 
 .text.HAL_DAC_MspInit
                0x08005240       0x74 ./Src/stm32f3xx_hal_msp.o
                0x08005240                HAL_DAC_MspInit
 *fill*         0x080052b4        0x4 
 .text.HAL_OPAMP_MspInit
                0x080052b8       0xe8 ./Src/stm32f3xx_hal_msp.o
                0x080052b8                HAL_OPAMP_MspInit
 .text.HAL_TIM_Base_MspInit
                0x080053a0       0xd8 ./Src/stm32f3xx_hal_msp.o
                0x080053a0                HAL_TIM_Base_MspInit
 .text.HAL_UART_MspInit
                0x08005478       0x84 ./Src/stm32f3xx_hal_msp.o
                0x08005478                HAL_UART_MspInit
 .text.SysTick_Handler
                0x080054fc        0x4 ./Src/stm32f3xx_it.o
                0x080054fc                SysTick_Handler
 .text.DMA1_Channel2_IRQHandler
                0x08005500        0xc ./Src/stm32f3xx_it.o
                0x08005500                DMA1_Channel2_IRQHandler
 .text.USART1_IRQHandler
                0x0800550c        0xc ./Src/stm32f3xx_it.o
                0x0800550c                USART1_IRQHandler
 .text.DMA2_Channel2_IRQHandler
                0x08005518        0xc ./Src/stm32f3xx_it.o
                0x08005518                DMA2_Channel2_IRQHandler
 .text.SystemInit
                0x08005524       0x68 ./Src/system_stm32f3xx.o
                0x08005524                SystemInit
 .text._ZN6CMD_RXC2EP20__UART_HandleTypeDef
                0x0800558c        0x4 ./Src/user/cmd_rx.o
                0x0800558c                CMD_RX::CMD_RX(__UART_HandleTypeDef*)
                0x0800558c                CMD_RX::CMD_RX(__UART_HandleTypeDef*)
 .text._ZN11IndexInfoTXC2EP20__UART_HandleTypeDef
                0x08005590        0x4 ./Src/user/index_info_tx.o
                0x08005590                IndexInfoTX::IndexInfoTX(__UART_HandleTypeDef*)
                0x08005590                IndexInfoTX::IndexInfoTX(__UART_HandleTypeDef*)
 .text._ZN11IndexInfoTX10send_bytesEPh
                0x08005594       0x48 ./Src/user/index_info_tx.o
                0x08005594                IndexInfoTX::send_bytes(unsigned char*)
 .text._ZN15MaxPeakDetectorC2EP19__ADC_HandleTypeDefP17TIM_HandleTypeDefP11IndexInfoTX
                0x080055dc       0x8c ./Src/user/max_peak_detector.o
                0x080055dc                MaxPeakDetector::MaxPeakDetector(__ADC_HandleTypeDef*, TIM_HandleTypeDef*, IndexInfoTX*)
                0x080055dc                MaxPeakDetector::MaxPeakDetector(__ADC_HandleTypeDef*, TIM_HandleTypeDef*, IndexInfoTX*)
 .text._ZN15MaxPeakDetector11search_loopEt
                0x08005668      0x480 ./Src/user/max_peak_detector.o
                0x08005668                MaxPeakDetector::search_loop(unsigned short)
 .text._ZN15MaxPeakDetector11detect_peakEv
                0x08005ae8       0x44 ./Src/user/max_peak_detector.o
                0x08005ae8                MaxPeakDetector::detect_peak()
 .text._ZN15MaxPeakDetector11mark_pinoutEv
                0x08005b2c       0x28 ./Src/user/max_peak_detector.o
                0x08005b2c                MaxPeakDetector::mark_pinout()
 .text.HAL_ADC_ConvHalfCpltCallback
                0x08005b54       0x30 ./Src/user/max_peak_detector.o
                0x08005b54                HAL_ADC_ConvHalfCpltCallback
 .text.HAL_ADC_ConvCpltCallback
                0x08005b84       0x20 ./Src/user/max_peak_detector.o
                0x08005b84                HAL_ADC_ConvCpltCallback
 .text._ZN13PGA_cascade_2C2EP19OPAMP_HandleTypeDefS1_
                0x08005ba4        0x8 ./Src/user/pga.o
                0x08005ba4                PGA_cascade_2::PGA_cascade_2(OPAMP_HandleTypeDef*, OPAMP_HandleTypeDef*)
                0x08005ba4                PGA_cascade_2::PGA_cascade_2(OPAMP_HandleTypeDef*, OPAMP_HandleTypeDef*)
 .text._ZN13PGA_cascade_27setGainEi
                0x08005bac      0x104 ./Src/user/pga.o
                0x08005bac                PGA_cascade_2::setGain(int)
 .text._Z27first_half_written_callbackP19__DMA_HandleTypeDef
                0x08005cb0       0x60 ./Src/user/ping_out.o
                0x08005cb0                first_half_written_callback(__DMA_HandleTypeDef*)
 .text._Z27secnd_half_written_callbackP19__DMA_HandleTypeDef
                0x08005d10       0x30 ./Src/user/ping_out.o
                0x08005d10                secnd_half_written_callback(__DMA_HandleTypeDef*)
 .text._ZN7PingOutC2EP19__DMA_HandleTypeDefP17TIM_HandleTypeDefP11IndexInfoTX
                0x08005d40       0x8c ./Src/user/ping_out.o
                0x08005d40                PingOut::PingOut(__DMA_HandleTypeDef*, TIM_HandleTypeDef*, IndexInfoTX*)
                0x08005d40                PingOut::PingOut(__DMA_HandleTypeDef*, TIM_HandleTypeDef*, IndexInfoTX*)
 .text._ZN7PingOut8scheduleEtt
                0x08005dcc        0xc ./Src/user/ping_out.o
                0x08005dcc                PingOut::schedule(unsigned short, unsigned short)
 .text._ZN7PingOut3setEv
                0x08005dd8      0x1f8 ./Src/user/ping_out.o
                0x08005dd8                PingOut::set()
 .text._ZN7PingOut6updateEv
                0x08005fd0       0xec ./Src/user/ping_out.o
                0x08005fd0                PingOut::update()
 .text.tof_master_main
                0x080060bc      0x170 ./Src/user/tof_master.o
                0x080060bc                tof_master_main
 .text.arm_sin_cos_f32
                0x0800622c      0x124 ../Middlewares/ST/ARM/DSP/Lib\libarm_cortexM4lf_math.a(arm_sin_cos_f32.o)
                0x0800622c                arm_sin_cos_f32
 .text.memset   0x08006350       0x10 C:/ST/STM32CubeIDE_2.0.0/STM32CubeIDE/plugins/com.st.stm32cube.ide.mcu.externaltools.gnu-tools-for-stm32.13.3.rel1.win32_1.0.100.202509120712/tools/bin/../lib/gcc/arm-none-eabi/13.3.1/../../../../arm-none-eabi/lib/thumb/v7e-m+fp/hard\libc_nano.a(libc_a-memset.o)
                0x08006350                memset
 .text.__libc_init_array
                0x08006360       0x48 C:/ST/STM32CubeIDE_2.0.0/STM32CubeIDE/plugins/com.st.stm32cube.ide.mcu.externaltools.gnu-tools-for-stm32.13.3.rel1.win32_1.0.100.202509120712/tools/bin/../lib/gcc/arm-none-eabi/13.3.1/../../../../arm-none-eabi/lib/thumb/v7e-m+fp/hard\libc_nano.a(libc_a-init.o)
                0x08006360                __libc_init_array
 *(.glue_7)
 .glue_7        0x080063a8        0x0 linker stubs
 *(.glue_7t)
 .glue_7t       0x080063a8        0x0 linker stubs
 *(.eh_frame)
 .eh_frame      0x080063a8        0x0 C:/ST/STM32CubeIDE_2.0.0/STM32CubeIDE/plugins/com.st.stm32cube.ide.mcu.externaltools.gnu-tools-for-stm32.13.3.rel1.win32_1.0.100.202509120712/tools/bin/../lib/gcc/arm-none-eabi/13.3.1/thumb/v7e-m+fp/hard/crtbegin.o
 *(.init)
 .init          0x080063a8        0x4 C:/ST/STM32CubeIDE_2.0.0/STM32CubeIDE/plugins/com.st.stm32cube.ide.mcu.externaltools.gnu-tools-for-stm32.13.3.rel1.win32_1.0.100.202509120712/tools/bin/../lib/gcc/arm-none-eabi/13.3.1/thumb/v7e-m+fp/hard/crti.o
                0x080063a8                _init
 .init          0x080063ac        0x8 C:/ST/STM32CubeIDE_2.0.0/STM32CubeIDE/plugins/com.st.stm32cube.ide.mcu.externaltools.gnu-tools-for-stm32.13.3.rel1.win32_1.0.100.202509120712/tools/bin/../lib/gcc/arm-none-eabi/13.3.1/thumb/v7e-m+fp/hard/crtn.o
 *(.fini)
 .fini          0x080063b4        0x4 C:/ST/STM32CubeIDE_2.0.0/STM32CubeIDE/plugins/com.st.stm32cube.ide.mcu.externaltools.gnu-tools-for-stm32.13.3.rel1.win32_1.0.100.202509120712/tools/bin/../lib/gcc/arm-none-eabi/13.3.1/thumb/v7e-m+fp/hard/crti.o
                0x080063b4                _fini
 .fini          0x080063b8        0x8 C:/ST/STM32CubeIDE_2.0.0/STM32CubeIDE/plugins/com.st.stm32cube.ide.mcu.externaltools.gnu-tools-for-stm32.13.3.rel1.win32_1.0.100.202509120712/tools/bin/../lib/gcc/arm-none-eabi/13.3.1/thumb/v7e-m+fp/hard/crtn.o
                0x080063c0                        . = ALIGN (0x4)
                0x080063c0                        _etext = .

.vfp11_veneer   0x080063c0        0x0
 .vfp11_veneer  0x080063c0        0x0 linker stubs

.v4_bx          0x080063c0        0x0
 .v4_bx         0x080063c0        0x0 linker stubs

.iplt           0x080063c0        0x0
 .iplt          0x080063c0        0x0 C:/ST/STM32CubeIDE_2.0.0/STM32CubeIDE/plugins/com.st.stm32cube.ide.mcu.externaltools.gnu-tools-for-stm32.13.3.rel1.win32_1.0.100.202509120712/tools/bin/../lib/gcc/arm-none-eabi/13.3.1/thumb/v7e-m+fp/hard/crtbegin.o

.rodata         0x080063c0      0xb0c
                0x080063c0                        . = ALIGN (0x4)
 *(.rodata)
 *(.rodata*)
 .rodata.ADC_ConversionStop.str1.4
                0x080063c0      0x2bd ./Drivers/STM32F3xx_HAL_Driver/Src/stm32f3xx_hal_adc_ex.o
                                 0x3b (size before relaxing)
 .rodata.HAL_NVIC_SetPriorityGrouping.str1.4
                0x0800667d        0x0 ./Drivers/STM32F3xx_HAL_Driver/Src/stm32f3xx_hal_cortex.o
                                 0x3b (size before relaxing)
 .rodata.HAL_DAC_Init.str1.4
                0x0800667d        0x0 ./Drivers/STM32F3xx_HAL_Driver/Src/stm32f3xx_hal_dac.o
                                 0x38 (size before relaxing)
 .rodata.HAL_DAC_SetValue.str1.4
                0x0800667d        0x0 ./Drivers/STM32F3xx_HAL_Driver/Src/stm32f3xx_hal_dac_ex.o
                                 0x3b (size before relaxing)
 .rodata.HAL_DMA_Init.str1.4
                0x0800667d        0x0 ./Drivers/STM32F3xx_HAL_Driver/Src/stm32f3xx_hal_dma.o
                                 0x38 (size before relaxing)
 .rodata.HAL_GPIO_Init.str1.4
                0x0800667d        0x0 ./Drivers/STM32F3xx_HAL_Driver/Src/stm32f3xx_hal_gpio.o
                                 0x39 (size before relaxing)
 .rodata.HAL_OPAMP_Init.str1.4
                0x0800667d        0x0 ./Drivers/STM32F3xx_HAL_Driver/Src/stm32f3xx_hal_opamp.o
                                 0x3a (size before relaxing)
 .rodata.HAL_RCC_OscConfig.str1.4
                0x0800667d        0x0 ./Drivers/STM32F3xx_HAL_Driver/Src/stm32f3xx_hal_rcc.o
                                 0x38 (size before relaxing)
 *fill*         0x0800667d        0x3 
 .rodata.aPredivFactorTable
                0x08006680       0x10 ./Drivers/STM32F3xx_HAL_Driver/Src/stm32f3xx_hal_rcc.o
 .rodata.aPLLMULFactorTable
                0x08006690       0x10 ./Drivers/STM32F3xx_HAL_Driver/Src/stm32f3xx_hal_rcc.o
 .rodata.HAL_RCCEx_PeriphCLKConfig.str1.4
                0x080066a0        0x0 ./Drivers/STM32F3xx_HAL_Driver/Src/stm32f3xx_hal_rcc_ex.o
                                 0x3b (size before relaxing)
 .rodata.TIM_OC1_SetConfig.str1.4
                0x080066a0        0x0 ./Drivers/STM32F3xx_HAL_Driver/Src/stm32f3xx_hal_tim.o
                                 0x38 (size before relaxing)
 .rodata.HAL_TIMEx_HallSensor_Init.str1.4
                0x080066a0        0x0 ./Drivers/STM32F3xx_HAL_Driver/Src/stm32f3xx_hal_tim_ex.o
                                 0x3b (size before relaxing)
 .rodata.HAL_UART_DeInit.str1.4
                0x080066a0        0x0 ./Drivers/STM32F3xx_HAL_Driver/Src/stm32f3xx_hal_uart.o
                                 0x39 (size before relaxing)
 .rodata.APBPrescTable
                0x080066a0        0x8 ./Src/system_stm32f3xx.o
                0x080066a0                APBPrescTable
 .rodata.AHBPrescTable
                0x080066a8       0x10 ./Src/system_stm32f3xx.o
                0x080066a8                AHBPrescTable
 .rodata._ZL7id_list
                0x080066b8        0x5 ./Src/user/max_peak_detector.o
 *fill*         0x080066bd        0x3 
 .rodata._ZL7id_list
                0x080066c0        0x5 ./Src/user/ping_out.o
 *fill*         0x080066c5        0x3 
 .rodata.sinTable_f32
                0x080066c8      0x804 ../Middlewares/ST/ARM/DSP/Lib\libarm_cortexM4lf_math.a(arm_common_tables.o)
                0x080066c8                sinTable_f32
                0x08006ecc                        . = ALIGN (0x4)

.ARM.extab      0x08006ecc        0x0
                0x08006ecc                        . = ALIGN (0x4)
 *(.ARM.extab* .gnu.linkonce.armextab.*)
                0x08006ecc                        . = ALIGN (0x4)

.ARM            0x08006ecc        0x0
                0x08006ecc                        . = ALIGN (0x4)
                0x08006ecc                        __exidx_start = .
 *(.ARM.exidx*)
                0x08006ecc                        __exidx_end = .
                0x08006ecc                        . = ALIGN (0x4)

.preinit_array  0x08006ecc        0x0
                0x08006ecc                        . = ALIGN (0x4)
                0x08006ecc                        PROVIDE (__preinit_array_start = .)
 *(.preinit_array*)
                0x08006ecc                        PROVIDE (__preinit_array_end = .)
                0x08006ecc                        . = ALIGN (0x4)

.init_array     0x08006ecc        0x4
                0x08006ecc                        . = ALIGN (0x4)
                0x08006ecc                        PROVIDE (__init_array_start = .)
 *(SORT_BY_NAME(.init_array.*))
 *(.init_array*)
 .init_array    0x08006ecc        0x4 C:/ST/STM32CubeIDE_2.0.0/STM32CubeIDE/plugins/com.st.stm32cube.ide.mcu.externaltools.gnu-tools-for-stm32.13.3.rel1.win32_1.0.100.202509120712/tools/bin/../lib/gcc/arm-none-eabi/13.3.1/thumb/v7e-m+fp/hard/crtbegin.o
                0x08006ed0                        PROVIDE (__init_array_end = .)
                0x08006ed0                        . = ALIGN (0x4)

.fini_array     0x08006ed0        0x4
                0x08006ed0                        . = ALIGN (0x4)
                [!provide]                        PROVIDE (__fini_array_start = .)
 *(SORT_BY_NAME(.fini_array.*))
 *(.fini_array*)
 .fini_array    0x08006ed0        0x4 C:/ST/STM32CubeIDE_2.0.0/STM32CubeIDE/plugins/com.st.stm32cube.ide.mcu.externaltools.gnu-tools-for-stm32.13.3.rel1.win32_1.0.100.202509120712/tools/bin/../lib/gcc/arm-none-eabi/13.3.1/thumb/v7e-m+fp/hard/crtbegin.o
                [!provide]                        PROVIDE (__fini_array_end = .)
                0x08006ed4                        . = ALIGN (0x4)
                0x08006ed4                        _sidata = LOADADDR (.data)

.rel.dyn        0x08006ed4        0x0
 .rel.iplt      0x08006ed4        0x0 C:/ST/STM32CubeIDE_2.0.0/STM32CubeIDE/plugins/com.st.stm32cube.ide.mcu.externaltools.gnu-tools-for-stm32.13.3.rel1.win32_1.0.100.202509120712/tools/bin/../lib/gcc/arm-none-eabi/13.3.1/thumb/v7e-m+fp/hard/crtbegin.o

.data           0x20000000       0x20 load address 0x08006ed4
                0x20000000                        . = ALIGN (0x4)
                0x20000000                        _sdata = .
 *(.data)
 *(.data*)
 .data.uwTickFreq
                0x20000000        0x1 ./Drivers/STM32F3xx_HAL_Driver/Src/stm32f3xx_hal.o
                0x20000000                uwTickFreq
 *fill*         0x20000001        0x3 
 .data.uwTickPrio
                0x20000004        0x4 ./Drivers/STM32F3xx_HAL_Driver/Src/stm32f3xx_hal.o
                0x20000004                uwTickPrio
 .data.SystemCoreClock
                0x20000008        0x4 ./Src/system_stm32f3xx.o
                0x20000008                SystemCoreClock
 .data._ZN15MaxPeakDetector12global_stateE
                0x2000000c        0x2 ./Src/user/max_peak_detector.o
                0x2000000c                MaxPeakDetector::global_state
 *fill*         0x2000000e        0x2 
 .data.buf_res  0x20000010        0x6 ./Src/user/max_peak_detector.o
                0x20000010                buf_res
 .data._ZN7PingOut9set_stateE
                0x20000016        0x1 ./Src/user/ping_out.o
                0x20000016                PingOut::set_state
 *fill*         0x20000017        0x1 
 .data._ZN7PingOut8po_stateE
                0x20000018        0x2 ./Src/user/ping_out.o
                0x20000018                PingOut::po_state
 *fill*         0x2000001a        0x2 
 .data.gain     0x2000001c        0x3 ./Src/user/tof_master.o
                0x2000001c                gain
 *(.RamFunc)
 *(.RamFunc*)
                0x20000020                        . = ALIGN (0x4)
 *fill*         0x2000001f        0x1 
                0x20000020                        _edata = .
                0x08006ef4                        _siccmram = LOADADDR (.ccmram)

.igot.plt       0x20000020        0x0 load address 0x08006ef4
 .igot.plt      0x20000020        0x0 C:/ST/STM32CubeIDE_2.0.0/STM32CubeIDE/plugins/com.st.stm32cube.ide.mcu.externaltools.gnu-tools-for-stm32.13.3.rel1.win32_1.0.100.202509120712/tools/bin/../lib/gcc/arm-none-eabi/13.3.1/thumb/v7e-m+fp/hard/crtbegin.o

.ccmram         0x10000000        0x0 load address 0x08006ef4
                0x10000000                        . = ALIGN (0x4)
                0x10000000                        _sccmram = .
 *(.ccmram)
 *(.ccmram*)
                0x10000000                        . = ALIGN (0x4)
                0x10000000                        _eccmram = .
                0x10000000                        . = ALIGN (0x4)

.bss            0x20000020     0x841c
                0x20000020                        _sbss = .
                0x20000020                        __bss_start__ = _sbss
 *(.bss)
 .bss           0x20000020       0x1c C:/ST/STM32CubeIDE_2.0.0/STM32CubeIDE/plugins/com.st.stm32cube.ide.mcu.externaltools.gnu-tools-for-stm32.13.3.rel1.win32_1.0.100.202509120712/tools/bin/../lib/gcc/arm-none-eabi/13.3.1/thumb/v7e-m+fp/hard/crtbegin.o
 *(.bss*)
 .bss.uwTick    0x2000003c        0x4 ./Drivers/STM32F3xx_HAL_Driver/Src/stm32f3xx_hal.o
                0x2000003c                uwTick
 .bss.huart1    0x20000040       0x88 ./Src/main.o
                0x20000040                huart1
 .bss.hdma_tim2_up
                0x200000c8       0x44 ./Src/main.o
                0x200000c8                hdma_tim2_up
 .bss.htim8     0x2000010c       0x4c ./Src/main.o
                0x2000010c                htim8
 .bss.htim4     0x20000158       0x4c ./Src/main.o
                0x20000158                htim4
 .bss.htim3     0x200001a4       0x4c ./Src/main.o
                0x200001a4                htim3
 .bss.htim2     0x200001f0       0x4c ./Src/main.o
                0x200001f0                htim2
 .bss.hopamp4   0x2000023c       0x34 ./Src/main.o
                0x2000023c                hopamp4
 .bss.hopamp3   0x20000270       0x34 ./Src/main.o
                0x20000270                hopamp3
 .bss.hopamp2   0x200002a4       0x34 ./Src/main.o
                0x200002a4                hopamp2
 .bss.hdac1     0x200002d8       0x14 ./Src/main.o
                0x200002d8                hdac1
 .bss.hdma_adc4
                0x200002ec       0x44 ./Src/main.o
                0x200002ec                hdma_adc4
 .bss.hadc4     0x20000330       0x50 ./Src/main.o
                0x20000330                hadc4
 .bss.hadc2     0x20000380       0x50 ./Src/main.o
                0x20000380                hadc2
 .bss.hadc1     0x200003d0       0x50 ./Src/main.o
                0x200003d0                hadc1
 .bss.HAL_RCC_ADC12_CLK_ENABLED
                0x20000420        0x4 ./Src/stm32f3xx_hal_msp.o
 .bss._ZZN11IndexInfoTX10send_bytesEPhE5bytes
                0x20000424        0x7 ./Src/user/index_info_tx.o
 *fill*         0x2000042b        0x1 
 .bss._ZN15MaxPeakDetector7cur_pfxE
                0x2000042c        0x2 ./Src/user/max_peak_detector.o
                0x2000042c                MaxPeakDetector::cur_pfx
 *fill*         0x2000042e        0x2 
 .bss.buf       0x20000430     0x6000 ./Src/user/max_peak_detector.o
                0x20000430                buf
 .bss._ZN7PingOut5debugE
                0x20006430        0x1 ./Src/user/ping_out.o
                0x20006430                PingOut::debug
 .bss._ZN7PingOut23time_to_schedule_periodE
                0x20006431        0x1 ./Src/user/ping_out.o
                0x20006431                PingOut::time_to_schedule_period
 .bss._ZN7PingOut15schedule_periodE
                0x20006432        0x2 ./Src/user/ping_out.o
                0x20006432                PingOut::schedule_period
 .bss._ZN7PingOut11cur_out_pfxE
                0x20006434        0x2 ./Src/user/ping_out.o
                0x20006434                PingOut::cur_out_pfx
 *fill*         0x20006436        0x2 
 .bss.out_buf   0x20006438     0x2000 ./Src/user/ping_out.o
                0x20006438                out_buf
 .bss.lost_time
                0x20008438        0x3 ./Src/user/tof_master.o
                0x20008438                lost_time
 *(COMMON)
                0x2000843c                        . = ALIGN (0x4)
 *fill*         0x2000843b        0x1 
                0x2000843c                        _ebss = .
                0x2000843c                        __bss_end__ = _ebss

._user_heap_stack
                0x2000843c     0x2a04
                0x20008440                        . = ALIGN (0x8)
 *fill*         0x2000843c        0x4 
                [!provide]                        PROVIDE (end = .)
                [!provide]                        PROVIDE (_end = .)
                0x20009640                        . = (. + _Min_Heap_Size)
 *fill*         0x20008440     0x1200 
                0x2000ae40                        . = (. + _Min_Stack_Size)
 *fill*         0x20009640     0x1800 
                0x2000ae40                        . = ALIGN (0x8)

/DISCARD/
 libc.a(*)
 libm.a(*)
 libgcc.a(*)

.ARM.attributes
                0x00000000       0x30
 *(.ARM.attributes)
 .ARM.attributes
                0x00000000       0x22 C:/ST/STM32CubeIDE_2.0.0/STM32CubeIDE/plugins/com.st.stm32cube.ide.mcu.externaltools.gnu-tools-for-stm32.13.3.rel1.win32_1.0.100.202509120712/tools/bin/../lib/gcc/arm-none-eabi/13.3.1/thumb/v7e-m+fp/hard/crti.o
 .ARM.attributes
                0x00000022       0x34 C:/ST/STM32CubeIDE_2.0.0/STM32CubeIDE/plugins/com.st.stm32cube.ide.mcu.externaltools.gnu-tools-for-stm32.13.3.rel1.win32_1.0.100.202509120712/tools/bin/../lib/gcc/arm-none-eabi/13.3.1/thumb/v7e-m+fp/hard/crtbegin.o
 .ARM.attributes
                0x00000056       0x21 ./Core/Startup/startup_stm32f303retx.o
 .ARM.attributes
                0x00000077       0x34 ./Drivers/STM32F3xx_HAL_Driver/Src/stm32f3xx_hal.o
 .ARM.attributes
                0x000000ab       0x34 ./Drivers/STM32F3xx_HAL_Driver/Src/stm32f3xx_hal_adc.o
 .ARM.attributes
                0x000000df       0x34 ./Drivers/STM32F3xx_HAL_Driver/Src/stm32f3xx_hal_adc_ex.o
 .ARM.attributes
                0x00000113       0x34 ./Drivers/STM32F3xx_HAL_Driver/Src/stm32f3xx_hal_cortex.o
 .ARM.attributes
                0x00000147       0x34 ./Drivers/STM32F3xx_HAL_Driver/Src/stm32f3xx_hal_dac.o
 .ARM.attributes
                0x0000017b       0x34 ./Drivers/STM32F3xx_HAL_Driver/Src/stm32f3xx_hal_dac_ex.o
 .ARM.attributes
                0x000001af       0x34 ./Drivers/STM32F3xx_HAL_Driver/Src/stm32f3xx_hal_dma.o
 .ARM.attributes
                0x000001e3       0x34 ./Drivers/STM32F3xx_HAL_Driver/Src/stm32f3xx_hal_gpio.o
 .ARM.attributes
                0x00000217       0x34 ./Drivers/STM32F3xx_HAL_Driver/Src/stm32f3xx_hal_opamp.o
 .ARM.attributes
                0x0000024b       0x34 ./Drivers/STM32F3xx_HAL_Driver/Src/stm32f3xx_hal_rcc.o
 .ARM.attributes
                0x0000027f       0x34 ./Drivers/STM32F3xx_HAL_Driver/Src/stm32f3xx_hal_rcc_ex.o
 .ARM.attributes
                0x000002b3       0x34 ./Drivers/STM32F3xx_HAL_Driver/Src/stm32f3xx_hal_tim.o
 .ARM.attributes
                0x000002e7       0x34 ./Drivers/STM32F3xx_HAL_Driver/Src/stm32f3xx_hal_tim_ex.o
 .ARM.attributes
                0x0000031b       0x34 ./Drivers/STM32F3xx_HAL_Driver/Src/stm32f3xx_hal_uart.o
 .ARM.attributes
                0x0000034f       0x34 ./Drivers/STM32F3xx_HAL_Driver/Src/stm32f3xx_hal_uart_ex.o
 .ARM.attributes
                0x00000383       0x34 ./Src/main.o
 .ARM.attributes
                0x000003b7       0x34 ./Src/stm32f3xx_hal_msp.o
 .ARM.attributes
                0x000003eb       0x34 ./Src/stm32f3xx_it.o
 .ARM.attributes
                0x0000041f       0x34 ./Src/system_stm32f3xx.o
 .ARM.attributes
                0x00000453       0x34 ./Src/user/cmd_rx.o
 .ARM.attributes
                0x00000487       0x34 ./Src/user/index_info_tx.o
 .ARM.attributes
                0x000004bb       0x34 ./Src/user/max_peak_detector.o
 .ARM.attributes
                0x000004ef       0x34 ./Src/user/pga.o
 .ARM.attributes
                0x00000523       0x34 ./Src/user/ping_out.o
 .ARM.attributes
                0x00000557       0x34 ./Src/user/tof_master.o
 .ARM.attributes
                0x0000058b       0x34 ../Middlewares/ST/ARM/DSP/Lib\libarm_cortexM4lf_math.a(arm_sin_cos_f32.o)
 .ARM.attributes
                0x000005bf       0x39 ../Middlewares/ST/ARM/DSP/Lib\libarm_cortexM4lf_math.a(arm_common_tables.o)
 .ARM.attributes
                0x000005f8       0x34 C:/ST/STM32CubeIDE_2.0.0/STM32CubeIDE/plugins/com.st.stm32cube.ide.mcu.externaltools.gnu-tools-for-stm32.13.3.rel1.win32_1.0.100.202509120712/tools/bin/../lib/gcc/arm-none-eabi/13.3.1/../../../../arm-none-eabi/lib/thumb/v7e-m+fp/hard\libc_nano.a(libc_a-memset.o)
 .ARM.attributes
                0x0000062c       0x34 C:/ST/STM32CubeIDE_2.0.0/STM32CubeIDE/plugins/com.st.stm32cube.ide.mcu.externaltools.gnu-tools-for-stm32.13.3.rel1.win32_1.0.100.202509120712/tools/bin/../lib/gcc/arm-none-eabi/13.3.1/../../../../arm-none-eabi/lib/thumb/v7e-m+fp/hard\libc_nano.a(libc_a-init.o)
 .ARM.attributes
                0x00000660       0x22 C:/ST/STM32CubeIDE_2.0.0/STM32CubeIDE/plugins/com.st.stm32cube.ide.mcu.externaltools.gnu-tools-for-stm32.13.3.rel1.win32_1.0.100.202509120712/tools/bin/../lib/gcc/arm-none-eabi/13.3.1/thumb/v7e-m+fp/hard\libgcc.a(_arm_muldf3.o)
 .ARM.attributes
                0x00000682       0x22 C:/ST/STM32CubeIDE_2.0.0/STM32CubeIDE/plugins/com.st.stm32cube.ide.mcu.externaltools.gnu-tools-for-stm32.13.3.rel1.win32_1.0.100.202509120712/tools/bin/../lib/gcc/arm-none-eabi/13.3.1/thumb/v7e-m+fp/hard\libgcc.a(_arm_addsubdf3.o)
 .ARM.attributes
                0x000006a4       0x22 C:/ST/STM32CubeIDE_2.0.0/STM32CubeIDE/plugins/com.st.stm32cube.ide.mcu.externaltools.gnu-tools-for-stm32.13.3.rel1.win32_1.0.100.202509120712/tools/bin/../lib/gcc/arm-none-eabi/13.3.1/thumb/v7e-m+fp/hard\libgcc.a(_arm_cmpdf2.o)
 .ARM.attributes
                0x000006c6       0x22 C:/ST/STM32CubeIDE_2.0.0/STM32CubeIDE/plugins/com.st.stm32cube.ide.mcu.externaltools.gnu-tools-for-stm32.13.3.rel1.win32_1.0.100.202509120712/tools/bin/../lib/gcc/arm-none-eabi/13.3.1/thumb/v7e-m+fp/hard\libgcc.a(_arm_truncdfsf2.o)
 .ARM.attributes
                0x000006e8       0x22 C:/ST/STM32CubeIDE_2.0.0/STM32CubeIDE/plugins/com.st.stm32cube.ide.mcu.externaltools.gnu-tools-for-stm32.13.3.rel1.win32_1.0.100.202509120712/tools/bin/../lib/gcc/arm-none-eabi/13.3.1/thumb/v7e-m+fp/hard/crtn.o
OUTPUT(adc_over_uart.elf elf32-littlearm)
LOAD linker stubs
LOAD C:/ST/STM32CubeIDE_2.0.0/STM32CubeIDE/plugins/com.st.stm32cube.ide.mcu.externaltools.gnu-tools-for-stm32.13.3.rel1.win32_1.0.100.202509120712/tools/bin/../lib/gcc/arm-none-eabi/13.3.1/../../../../arm-none-eabi/lib/thumb/v7e-m+fp/hard\libc.a
LOAD C:/ST/STM32CubeIDE_2.0.0/STM32CubeIDE/plugins/com.st.stm32cube.ide.mcu.externaltools.gnu-tools-for-stm32.13.3.rel1.win32_1.0.100.202509120712/tools/bin/../lib/gcc/arm-none-eabi/13.3.1/../../../../arm-none-eabi/lib/thumb/v7e-m+fp/hard\libm.a
LOAD C:/ST/STM32CubeIDE_2.0.0/STM32CubeIDE/plugins/com.st.stm32cube.ide.mcu.externaltools.gnu-tools-for-stm32.13.3.rel1.win32_1.0.100.202509120712/tools/bin/../lib/gcc/arm-none-eabi/13.3.1/thumb/v7e-m+fp/hard\libgcc.a

.comment        0x00000000       0xbc
 .comment       0x00000000       0xbc ./Drivers/STM32F3xx_HAL_Driver/Src/stm32f3xx_hal.o
                                 0x44 (size before relaxing)
 .comment       0x000000bc        0x0 ./Drivers/STM32F3xx_HAL_Driver/Src/stm32f3xx_hal_adc.o
                                 0x44 (size before relaxing)
 .comment       0x000000bc        0x0 ./Drivers/STM32F3xx_HAL_Driver/Src/stm32f3xx_hal_adc_ex.o
                                 0x44 (size before relaxing)
 .comment       0x000000bc        0x0 ./Drivers/STM32F3xx_HAL_Driver/Src/stm32f3xx_hal_cortex.o
                                 0x44 (size before relaxing)
 .comment       0x000000bc        0x0 ./Drivers/STM32F3xx_HAL_Driver/Src/stm32f3xx_hal_dac.o
                                 0x44 (size before relaxing)
 .comment       0x000000bc        0x0 ./Drivers/STM32F3xx_HAL_Driver/Src/stm32f3xx_hal_dac_ex.o
                                 0x44 (size before relaxing)
 .comment       0x000000bc        0x0 ./Drivers/STM32F3xx_HAL_Driver/Src/stm32f3xx_hal_dma.o
                                 0x44 (size before relaxing)
 .comment       0x000000bc        0x0 ./Drivers/STM32F3xx_HAL_Driver/Src/stm32f3xx_hal_gpio.o
                                 0x44 (size before relaxing)
 .comment       0x000000bc        0x0 ./Drivers/STM32F3xx_HAL_Driver/Src/stm32f3xx_hal_opamp.o
                                 0x44 (size before relaxing)
 .comment       0x000000bc        0x0 ./Drivers/STM32F3xx_HAL_Driver/Src/stm32f3xx_hal_rcc.o
                                 0x44 (size before relaxing)
 .comment       0x000000bc        0x0 ./Drivers/STM32F3xx_HAL_Driver/Src/stm32f3xx_hal_rcc_ex.o
                                 0x44 (size before relaxing)
 .comment       0x000000bc        0x0 ./Drivers/STM32F3xx_HAL_Driver/Src/stm32f3xx_hal_tim.o
                                 0x44 (size before relaxing)
 .comment       0x000000bc        0x0 ./Drivers/STM32F3xx_HAL_Driver/Src/stm32f3xx_hal_tim_ex.o
                                 0x44 (size before relaxing)
 .comment       0x000000bc        0x0 ./Drivers/STM32F3xx_HAL_Driver/Src/stm32f3xx_hal_uart.o
                                 0x44 (size before relaxing)
 .comment       0x000000bc        0x0 ./Drivers/STM32F3xx_HAL_Driver/Src/stm32f3xx_hal_uart_ex.o
                                 0x44 (size before relaxing)
 .comment       0x000000bc        0x0 ./Src/main.o
                                 0x44 (size before relaxing)
 .comment       0x000000bc        0x0 ./Src/stm32f3xx_hal_msp.o
                                 0x44 (size before relaxing)
 .comment       0x000000bc        0x0 ./Src/stm32f3xx_it.o
                                 0x44 (size before relaxing)
 .comment       0x000000bc        0x0 ./Src/system_stm32f3xx.o
                                 0x44 (size before relaxing)
 .comment       0x000000bc        0x0 ./Src/user/cmd_rx.o
                                 0x44 (size before relaxing)
 .comment       0x000000bc        0x0 ./Src/user/index_info_tx.o
                                 0x44 (size before relaxing)
 .comment       0x000000bc        0x0 ./Src/user/max_peak_detector.o
                                 0x44 (size before relaxing)
 .comment       0x000000bc        0x0 ./Src/user/pga.o
                                 0x44 (size before relaxing)
 .comment       0x000000bc        0x0 ./Src/user/ping_out.o
                                 0x44 (size before relaxing)
 .comment       0x000000bc        0x0 ./Src/user/tof_master.o
                                 0x44 (size before relaxing)
 .comment       0x000000bc        0x0 ../Middlewares/ST/ARM/DSP/Lib\libarm_cortexM4lf_math.a(arm_sin_cos_f32.o)
                                 0x7a (size before relaxing)
 .comment       0x000000bc        0x0 ../Middlewares/ST/ARM/DSP/Lib\libarm_cortexM4lf_math.a(arm_common_tables.o)
                                 0x7a (size before relaxing)

.debug_info     0x00000000     0x3773
 .debug_info    0x00000000     0x18ed ../Middlewares/ST/ARM/DSP/Lib\libarm_cortexM4lf_math.a(arm_sin_cos_f32.o)
 .debug_info    0x000018ed     0x1e86 ../Middlewares/ST/ARM/DSP/Lib\libarm_cortexM4lf_math.a(arm_common_tables.o)

.debug_abbrev   0x00000000      0x415
 .debug_abbrev  0x00000000      0x229 ../Middlewares/ST/ARM/DSP/Lib\libarm_cortexM4lf_math.a(arm_sin_cos_f32.o)
 .debug_abbrev  0x00000229      0x1ec ../Middlewares/ST/ARM/DSP/Lib\libarm_cortexM4lf_math.a(arm_common_tables.o)

.debug_loc      0x00000000      0x435
 .debug_loc     0x00000000      0x435 ../Middlewares/ST/ARM/DSP/Lib\libarm_cortexM4lf_math.a(arm_sin_cos_f32.o)

.debug_aranges  0x00000000       0x38
 .debug_aranges
                0x00000000       0x20 ../Middlewares/ST/ARM/DSP/Lib\libarm_cortexM4lf_math.a(arm_sin_cos_f32.o)
 .debug_aranges
                0x00000020       0x18 ../Middlewares/ST/ARM/DSP/Lib\libarm_cortexM4lf_math.a(arm_common_tables.o)

.debug_ranges   0x00000000       0x10
 .debug_ranges  0x00000000       0x10 ../Middlewares/ST/ARM/DSP/Lib\libarm_cortexM4lf_math.a(arm_sin_cos_f32.o)

.debug_line     0x00000000      0x54b
 .debug_line    0x00000000      0x354 ../Middlewares/ST/ARM/DSP/Lib\libarm_cortexM4lf_math.a(arm_sin_cos_f32.o)
 .debug_line    0x00000354      0x1f7 ../Middlewares/ST/ARM/DSP/Lib\libarm_cortexM4lf_math.a(arm_common_tables.o)

.debug_str      0x00000000      0xf8a
 .debug_str     0x00000000      0xf8a ../Middlewares/ST/ARM/DSP/Lib\libarm_cortexM4lf_math.a(arm_sin_cos_f32.o)
                                0xfdd (size before relaxing)
 .debug_str     0x00000f8a        0x0 ../Middlewares/ST/ARM/DSP/Lib\libarm_cortexM4lf_math.a(arm_common_tables.o)
                                0xf92 (size before relaxing)

.debug_frame    0x00000000      0x240
 .debug_frame   0x00000000       0x30 ../Middlewares/ST/ARM/DSP/Lib\libarm_cortexM4lf_math.a(arm_sin_cos_f32.o)
 .debug_frame   0x00000030       0x20 C:/ST/STM32CubeIDE_2.0.0/STM32CubeIDE/plugins/com.st.stm32cube.ide.mcu.externaltools.gnu-tools-for-stm32.13.3.rel1.win32_1.0.100.202509120712/tools/bin/../lib/gcc/arm-none-eabi/13.3.1/../../../../arm-none-eabi/lib/thumb/v7e-m+fp/hard\libc_nano.a(libc_a-memset.o)
 .debug_frame   0x00000050       0x2c C:/ST/STM32CubeIDE_2.0.0/STM32CubeIDE/plugins/com.st.stm32cube.ide.mcu.externaltools.gnu-tools-for-stm32.13.3.rel1.win32_1.0.100.202509120712/tools/bin/../lib/gcc/arm-none-eabi/13.3.1/../../../../arm-none-eabi/lib/thumb/v7e-m+fp/hard\libc_nano.a(libc_a-init.o)
 .debug_frame   0x0000007c       0x30 C:/ST/STM32CubeIDE_2.0.0/STM32CubeIDE/plugins/com.st.stm32cube.ide.mcu.externaltools.gnu-tools-for-stm32.13.3.rel1.win32_1.0.100.202509120712/tools/bin/../lib/gcc/arm-none-eabi/13.3.1/thumb/v7e-m+fp/hard\libgcc.a(_arm_muldf3.o)
 .debug_frame   0x000000ac       0xac C:/ST/STM32CubeIDE_2.0.0/STM32CubeIDE/plugins/com.st.stm32cube.ide.mcu.externaltools.gnu-tools-for-stm32.13.3.rel1.win32_1.0.100.202509120712/tools/bin/../lib/gcc/arm-none-eabi/13.3.1/thumb/v7e-m+fp/hard\libgcc.a(_arm_addsubdf3.o)
 .debug_frame   0x00000158       0xc4 C:/ST/STM32CubeIDE_2.0.0/STM32CubeIDE/plugins/com.st.stm32cube.ide.mcu.externaltools.gnu-tools-for-stm32.13.3.rel1.win32_1.0.100.202509120712/tools/bin/../lib/gcc/arm-none-eabi/13.3.1/thumb/v7e-m+fp/hard\libgcc.a(_arm_cmpdf2.o)
 .debug_frame   0x0000021c       0x24 C:/ST/STM32CubeIDE_2.0.0/STM32CubeIDE/plugins/com.st.stm32cube.ide.mcu.externaltools.gnu-tools-for-stm32.13.3.rel1.win32_1.0.100.202509120712/tools/bin/../lib/gcc/arm-none-eabi/13.3.1/thumb/v7e-m+fp/hard\libgcc.a(_arm_truncdfsf2.o)
