../Src/user/max_peak_detector.cpp:46:1:MaxPeakDetector::MaxPeakDetector(ADC_HandleTypeDef*, TIM_HandleTypeDef*, IndexInfoTX*)	16	static
../Src/user/max_peak_detector.cpp:137:6:void MaxPeakDetector::search_loop(uint16_t)	72	static
../Src/user/max_peak_detector.cpp:107:6:void MaxPeakDetector::detect_peak()	0	static
../Src/user/max_peak_detector.cpp:320:6:void MaxPeakDetector::mark_pinout()	0	static
../Src/user/max_peak_detector.cpp:341:6:void MaxPeakDetector::error_1_handle()	0	static
../Src/user/max_peak_detector.cpp:352:17:void HAL_ADC_ConvHalfCpltCallback(ADC_HandleTypeDef*)	0	static
../Src/user/max_peak_detector.cpp:373:18:void HAL_ADC_ConvCpltCallback(ADC_HandleTypeDef*)	0	static
../Src/user/max_peak_detector.cpp:390:1:Timestamp::Timestamp(uint16_t, uint16_t)	0	static
../Src/user/max_peak_detector.cpp:398:10:uint16_t Timestamp::get_total()	0	static
../Src/user/max_peak_detector.cpp:405:11:static Timestamp Timestamp::from_total(uint16_t)	8	static
