../Src/user/max_peak_detector.cpp:45:1:MaxPeakDetector::MaxPeakDetector(ADC_HandleTypeDef*, TIM_HandleTypeDef*, IndexInfoTX*)	16	static
../Src/user/max_peak_detector.cpp:134:6:void MaxPeakDetector::search_loop(uint16_t)	80	static
../Src/user/max_peak_detector.cpp:104:6:void MaxPeakDetector::detect_peak()	0	static
../Src/user/max_peak_detector.cpp:357:6:void MaxPeakDetector::mark_pinout()	0	static
../Src/user/max_peak_detector.cpp:367:6:void MaxPeakDetector::error_1_handle()	0	static
../Src/user/max_peak_detector.cpp:379:17:void HAL_ADC_ConvHalfCpltCallback(ADC_HandleTypeDef*)	0	static
../Src/user/max_peak_detector.cpp:400:18:void HAL_ADC_ConvCpltCallback(ADC_HandleTypeDef*)	0	static
../Src/user/max_peak_detector.cpp:417:1:Timestamp::Timestamp(uint16_t, uint16_t)	0	static
../Src/user/max_peak_detector.cpp:425:10:uint16_t Timestamp::get_total()	0	static
../Src/user/max_peak_detector.cpp:432:11:static Timestamp Timestamp::from_total(uint16_t)	8	static
