../Src/user/ping_out.cpp:234:6:void first_half_written_callback(DMA_HandleTypeDef*)	8	static
../Src/user/ping_out.cpp:246:6:void secnd_half_written_callback(DMA_HandleTypeDef*)	8	static
../Src/user/ping_out.cpp:34:1:PingOut::PingOut(DMA_HandleTypeDef*, TIM_HandleTypeDef*, IndexInfoTX*)	16	static
../Src/user/ping_out.cpp:99:6:void PingOut::start_periodic_scheduler(uint16_t)	0	static
../Src/user/ping_out.cpp:103:6:void PingOut::schedule(uint16_t, uint16_t)	0	static
../Src/user/ping_out.cpp:153:6:void PingOut::set()	32	static
../Src/user/ping_out.cpp:112:6:void PingOut::update()	16	static
../Src/user/ping_out.cpp:217:6:void PingOut::enable_pingout()	8	static
