../Src/user/ping_out.cpp:200:6:void first_half_written_callback(DMA_HandleTypeDef*)	8	static
../Src/user/ping_out.cpp:212:6:void secnd_half_written_callback(DMA_HandleTypeDef*)	8	static
../Src/user/ping_out.cpp:35:1:PingOut::PingOut(DMA_HandleTypeDef*, TIM_HandleTypeDef*, IndexInfoTX*)	16	static
../Src/user/ping_out.cpp:92:6:void PingOut::start_periodic_scheduler(uint16_t)	0	static
../Src/user/ping_out.cpp:135:6:void PingOut::set()	32	static
../Src/user/ping_out.cpp:101:6:void PingOut::update()	16	static
../Src/user/ping_out.cpp:216:1:cpp)	8	static
../Src/user/ping_out.cpp:216:1:cpp)	0	static
