Archive member included to satisfy reference by file (symbol)

G:/STM32CubeIDE_1.18.0/STM32CubeIDE/plugins/com.st.stm32cube.ide.mcu.externaltools.gnu-tools-for-stm32.13.3.rel1.win32_1.0.0.202411081344/tools/bin/../lib/gcc/arm-none-eabi/13.3.1/../../../../arm-none-eabi/lib/thumb/v7e-m+fp/hard\libc_nano.a(libc_a-exit.o)
                              G:/STM32CubeIDE_1.18.0/STM32CubeIDE/plugins/com.st.stm32cube.ide.mcu.externaltools.gnu-tools-for-stm32.13.3.rel1.win32_1.0.0.202411081344/tools/bin/../lib/gcc/arm-none-eabi/13.3.1/../../../../arm-none-eabi/lib/thumb/v7e-m+fp/hard/crt0.o (exit)
G:/STM32CubeIDE_1.18.0/STM32CubeIDE/plugins/com.st.stm32cube.ide.mcu.externaltools.gnu-tools-for-stm32.13.3.rel1.win32_1.0.0.202411081344/tools/bin/../lib/gcc/arm-none-eabi/13.3.1/../../../../arm-none-eabi/lib/thumb/v7e-m+fp/hard\libc_nano.a(libc_a-findfp.o)
                              G:/STM32CubeIDE_1.18.0/STM32CubeIDE/plugins/com.st.stm32cube.ide.mcu.externaltools.gnu-tools-for-stm32.13.3.rel1.win32_1.0.0.202411081344/tools/bin/../lib/gcc/arm-none-eabi/13.3.1/../../../../arm-none-eabi/lib/thumb/v7e-m+fp/hard\libc_nano.a(libc_a-exit.o) (__stdio_exit_handler)
G:/STM32CubeIDE_1.18.0/STM32CubeIDE/plugins/com.st.stm32cube.ide.mcu.externaltools.gnu-tools-for-stm32.13.3.rel1.win32_1.0.0.202411081344/tools/bin/../lib/gcc/arm-none-eabi/13.3.1/../../../../arm-none-eabi/lib/thumb/v7e-m+fp/hard\libc_nano.a(libc_a-fwalk.o)
                              G:/STM32CubeIDE_1.18.0/STM32CubeIDE/plugins/com.st.stm32cube.ide.mcu.externaltools.gnu-tools-for-stm32.13.3.rel1.win32_1.0.0.202411081344/tools/bin/../lib/gcc/arm-none-eabi/13.3.1/../../../../arm-none-eabi/lib/thumb/v7e-m+fp/hard\libc_nano.a(libc_a-findfp.o) (_fwalk_sglue)
G:/STM32CubeIDE_1.18.0/STM32CubeIDE/plugins/com.st.stm32cube.ide.mcu.externaltools.gnu-tools-for-stm32.13.3.rel1.win32_1.0.0.202411081344/tools/bin/../lib/gcc/arm-none-eabi/13.3.1/../../../../arm-none-eabi/lib/thumb/v7e-m+fp/hard\libc_nano.a(libc_a-stdio.o)
                              G:/STM32CubeIDE_1.18.0/STM32CubeIDE/plugins/com.st.stm32cube.ide.mcu.externaltools.gnu-tools-for-stm32.13.3.rel1.win32_1.0.0.202411081344/tools/bin/../lib/gcc/arm-none-eabi/13.3.1/../../../../arm-none-eabi/lib/thumb/v7e-m+fp/hard\libc_nano.a(libc_a-findfp.o) (__sread)
G:/STM32CubeIDE_1.18.0/STM32CubeIDE/plugins/com.st.stm32cube.ide.mcu.externaltools.gnu-tools-for-stm32.13.3.rel1.win32_1.0.0.202411081344/tools/bin/../lib/gcc/arm-none-eabi/13.3.1/../../../../arm-none-eabi/lib/thumb/v7e-m+fp/hard\libc_nano.a(libc_a-memset.o)
                              G:/STM32CubeIDE_1.18.0/STM32CubeIDE/plugins/com.st.stm32cube.ide.mcu.externaltools.gnu-tools-for-stm32.13.3.rel1.win32_1.0.0.202411081344/tools/bin/../lib/gcc/arm-none-eabi/13.3.1/../../../../arm-none-eabi/lib/thumb/v7e-m+fp/hard/crt0.o (memset)
G:/STM32CubeIDE_1.18.0/STM32CubeIDE/plugins/com.st.stm32cube.ide.mcu.externaltools.gnu-tools-for-stm32.13.3.rel1.win32_1.0.0.202411081344/tools/bin/../lib/gcc/arm-none-eabi/13.3.1/../../../../arm-none-eabi/lib/thumb/v7e-m+fp/hard\libc_nano.a(libc_a-closer.o)
                              G:/STM32CubeIDE_1.18.0/STM32CubeIDE/plugins/com.st.stm32cube.ide.mcu.externaltools.gnu-tools-for-stm32.13.3.rel1.win32_1.0.0.202411081344/tools/bin/../lib/gcc/arm-none-eabi/13.3.1/../../../../arm-none-eabi/lib/thumb/v7e-m+fp/hard\libc_nano.a(libc_a-stdio.o) (_close_r)
G:/STM32CubeIDE_1.18.0/STM32CubeIDE/plugins/com.st.stm32cube.ide.mcu.externaltools.gnu-tools-for-stm32.13.3.rel1.win32_1.0.0.202411081344/tools/bin/../lib/gcc/arm-none-eabi/13.3.1/../../../../arm-none-eabi/lib/thumb/v7e-m+fp/hard\libc_nano.a(libc_a-reent.o)
                              G:/STM32CubeIDE_1.18.0/STM32CubeIDE/plugins/com.st.stm32cube.ide.mcu.externaltools.gnu-tools-for-stm32.13.3.rel1.win32_1.0.0.202411081344/tools/bin/../lib/gcc/arm-none-eabi/13.3.1/../../../../arm-none-eabi/lib/thumb/v7e-m+fp/hard\libc_nano.a(libc_a-closer.o) (errno)
G:/STM32CubeIDE_1.18.0/STM32CubeIDE/plugins/com.st.stm32cube.ide.mcu.externaltools.gnu-tools-for-stm32.13.3.rel1.win32_1.0.0.202411081344/tools/bin/../lib/gcc/arm-none-eabi/13.3.1/../../../../arm-none-eabi/lib/thumb/v7e-m+fp/hard\libc_nano.a(libc_a-impure.o)
                              G:/STM32CubeIDE_1.18.0/STM32CubeIDE/plugins/com.st.stm32cube.ide.mcu.externaltools.gnu-tools-for-stm32.13.3.rel1.win32_1.0.0.202411081344/tools/bin/../lib/gcc/arm-none-eabi/13.3.1/../../../../arm-none-eabi/lib/thumb/v7e-m+fp/hard\libc_nano.a(libc_a-reent.o) (_impure_ptr)
G:/STM32CubeIDE_1.18.0/STM32CubeIDE/plugins/com.st.stm32cube.ide.mcu.externaltools.gnu-tools-for-stm32.13.3.rel1.win32_1.0.0.202411081344/tools/bin/../lib/gcc/arm-none-eabi/13.3.1/../../../../arm-none-eabi/lib/thumb/v7e-m+fp/hard\libc_nano.a(libc_a-lseekr.o)
[...]
Memory Configuration

Name             Origin             Length             Attributes
CCMRAM           0x10000000         0x00004000         xrw
RAM              0x20000000         0x00010000         xrw
FLASH            0x08000000         0x00080000         xr
*default*        0x00000000         0xffffffff

Linker script and memory map

LOAD G:/STM32CubeIDE_1.18.0/STM32CubeIDE/plugins/com.st.stm32cube.ide.mcu.externaltools.gnu-tools-for-stm32.13.3.rel1.win32_1.0.0.202411081344/tools/bin/../lib/gcc/arm-none-eabi/13.3.1/thumb/v7e-m+fp/hard/crti.o
LOAD G:/STM32CubeIDE_1.18.0/STM32CubeIDE/plugins/com.st.stm32cube.ide.mcu.externaltools.gnu-tools-for-stm32.13.3.rel1.win32_1.0.0.202411081344/tools/bin/../lib/gcc/arm-none-eabi/13.3.1/thumb/v7e-m+fp/hard/crtbegin.o
LOAD G:/STM32CubeIDE_1.18.0/STM32CubeIDE/plugins/com.st.stm32cube.ide.mcu.externaltools.gnu-tools-for-stm32.13.3.rel1.win32_1.0.0.202411081344/tools/bin/../lib/gcc/arm-none-eabi/13.3.1/../../../../arm-none-eabi/lib/thumb/v7e-m+fp/hard/crt0.o
LOAD ./Core/Startup/startup_stm32f303retx.o
LOAD ./Drivers/STM32F3xx_HAL_Driver/Src/stm32f3xx_hal.o
LOAD ./Drivers/STM32F3xx_HAL_Driver/Src/stm32f3xx_hal_adc.o
LOAD ./Drivers/STM32F3xx_HAL_Driver/Src/stm32f3xx_hal_adc_ex.o
LOAD ./Drivers/STM32F3xx_HAL_Driver/Src/stm32f3xx_hal_cortex.o
LOAD ./Drivers/STM32F3xx_HAL_Driver/Src/stm32f3xx_hal_dac.o
LOAD ./Drivers/STM32F3xx_HAL_Driver/Src/stm32f3xx_hal_dac_ex.o
LOAD ./Drivers/STM32F3xx_HAL_Driver/Src/stm32f3xx_hal_dma.o
LOAD ./Drivers/STM32F3xx_HAL_Driver/Src/stm32f3xx_hal_exti.o
LOAD ./Drivers/STM32F3xx_HAL_Driver/Src/stm32f3xx_hal_flash.o
LOAD ./Drivers/STM32F3xx_HAL_Driver/Src/stm32f3xx_hal_flash_ex.o
LOAD ./Drivers/STM32F3xx_HAL_Driver/Src/stm32f3xx_hal_gpio.o
LOAD ./Drivers/STM32F3xx_HAL_Driver/Src/stm32f3xx_hal_i2c.o
LOAD ./Drivers/STM32F3xx_HAL_Driver/Src/stm32f3xx_hal_i2c_ex.o
LOAD ./Drivers/STM32F3xx_HAL_Driver/Src/stm32f3xx_hal_opamp.o
LOAD ./Drivers/STM32F3xx_HAL_Driver/Src/stm32f3xx_hal_opamp_ex.o
LOAD ./Drivers/STM32F3xx_HAL_Driver/Src/stm32f3xx_hal_pwr.o
LOAD ./Drivers/STM32F3xx_HAL_Driver/Src/stm32f3xx_hal_pwr_ex.o
LOAD ./Drivers/STM32F3xx_HAL_Driver/Src/stm32f3xx_hal_rcc.o
LOAD ./Drivers/STM32F3xx_HAL_Driver/Src/stm32f3xx_hal_rcc_ex.o
LOAD ./Drivers/STM32F3xx_HAL_Driver/Src/stm32f3xx_hal_tim.o
LOAD ./Drivers/STM32F3xx_HAL_Driver/Src/stm32f3xx_hal_tim_ex.o
LOAD ./Drivers/STM32F3xx_HAL_Driver/Src/stm32f3xx_hal_uart.o
LOAD ./Drivers/STM32F3xx_HAL_Driver/Src/stm32f3xx_hal_uart_ex.o
LOAD ./Src/main.o
LOAD ./Src/stm32f3xx_hal_msp.o
LOAD ./Src/stm32f3xx_it.o
LOAD ./Src/system_stm32f3xx.o
LOAD ./Src/user/adc_over_uart.o
LOAD ./Src/user/cmd_rx.o
LOAD ./Src/user/index_info_transmit.o
LOAD ./Src/user/index_info_tx.o
LOAD ./Src/user/max_peak_detector.o
LOAD ./Src/user/peak_detector_main.o
LOAD ./Src/user/pga.o
LOAD ./Src/user/ping_out.o
LOAD ./Src/user/tof_master.o
LOAD ./Src/user/transponder.o
START GROUP
LOAD G:/STM32CubeIDE_1.18.0/STM32CubeIDE/plugins/com.st.stm32cube.ide.mcu.externaltools.gnu-tools-for-stm32.13.3.rel1.win32_1.0.0.202411081344/tools/bin/../lib/gcc/arm-none-eabi/13.3.1/../../../../arm-none-eabi/lib/thumb/v7e-m+fp/hard\libstdc++_nano.a
LOAD G:/STM32CubeIDE_1.18.0/STM32CubeIDE/plugins/com.st.stm32cube.ide.mcu.externaltools.gnu-tools-for-stm32.13.3.rel1.win32_1.0.0.202411081344/tools/bin/../lib/gcc/arm-none-eabi/13.3.1/../../../../arm-none-eabi/lib/thumb/v7e-m+fp/hard\libsupc++_nano.a
END GROUP
LOAD G:/STM32CubeIDE_1.18.0/STM32CubeIDE/plugins/com.st.stm32cube.ide.mcu.externaltools.gnu-tools-for-stm32.13.3.rel1.win32_1.0.0.202411081344/tools/bin/../lib/gcc/arm-none-eabi/13.3.1/../../../../arm-none-eabi/lib/thumb/v7e-m+fp/hard\libstdc++_nano.a
LOAD G:/STM32CubeIDE_1.18.0/STM32CubeIDE/plugins/com.st.stm32cube.ide.mcu.externaltools.gnu-tools-for-stm32.13.3.rel1.win32_1.0.0.202411081344/tools/bin/../lib/gcc/arm-none-eabi/13.3.1/../../../../arm-none-eabi/lib/thumb/v7e-m+fp/hard\libm.a
LOAD G:/STM32CubeIDE_1.18.0/STM32CubeIDE/plugins/com.st.stm32cube.ide.mcu.externaltools.gnu-tools-for-stm32.13.3.rel1.win32_1.0.0.202411081344/tools/bin/../lib/gcc/arm-none-eabi/13.3.1/../../../../arm-none-eabi/lib/thumb/v7e-m+fp/hard\libc_nano.a
START GROUP
LOAD G:/STM32CubeIDE_1.18.0/STM32CubeIDE/plugins/com.st.stm32cube.ide.mcu.externaltools.gnu-tools-for-stm32.13.3.rel1.win32_1.0.0.202411081344/tools/bin/../lib/gcc/arm-none-eabi/13.3.1/thumb/v7e-m+fp/hard\libgcc.a
LOAD G:/STM32CubeIDE_1.18.0/STM32CubeIDE/plugins/com.st.stm32cube.ide.mcu.externaltools.gnu-tools-for-stm32.13.3.rel1.win32_1.0.0.202411081344/tools/bin/../lib/gcc/arm-none-eabi/13.3.1/../../../../arm-none-eabi/lib/thumb/v7e-m+fp/hard\libc_nano.a
END GROUP
START GROUP
LOAD G:/STM32CubeIDE_1.18.0/STM32CubeIDE/plugins/com.st.stm32cube.ide.mcu.externaltools.gnu-tools-for-stm32.13.3.rel1.win32_1.0.0.202411081344/tools/bin/../lib/gcc/arm-none-eabi/13.3.1/thumb/v7e-m+fp/hard\libgcc.a
LOAD G:/STM32CubeIDE_1.18.0/STM32CubeIDE/plugins/com.st.stm32cube.ide.mcu.externaltools.gnu-tools-for-stm32.13.3.rel1.win32_1.0.0.202411081344/tools/bin/../lib/gcc/arm-none-eabi/13.3.1/../../../../arm-none-eabi/lib/thumb/v7e-m+fp/hard\libc_nano.a
END GROUP
LOAD G:/STM32CubeIDE_1.18.0/STM32CubeIDE/plugins/com.st.stm32cube.ide.mcu.externaltools.gnu-tools-for-stm32.13.3.rel1.win32_1.0.0.202411081344/tools/bin/../lib/gcc/arm-none-eabi/13.3.1/thumb/v7e-m+fp/hard/crtend.o
LOAD G:/STM32CubeIDE_1.18.0/STM32CubeIDE/plugins/com.st.stm32cube.ide.mcu.externaltools.gnu-tools-for-stm32.13.3.rel1.win32_1.0.0.202411081344/tools/bin/../lib/gcc/arm-none-eabi/13.3.1/thumb/v7e-m+fp/hard/crtn.o
                0x20010000                        _estack = (ORIGIN (RAM) + LENGTH (RAM))
                0x00001200                        _Min_Heap_Size = 0x1200
                0x00001800                        _Min_Stack_Size = 0x1800

.isr_vector     0x08000000      0x194
                0x08000000                        . = ALIGN (0x4)
 *(.isr_vector)
 .isr_vector    0x08000000      0x194 ./Core/Startup/startup_stm32f303retx.o
                0x08000000                g_pfnVectors
                0x08000194                        . = ALIGN (0x4)

.text           0x08000198     0x5774
                0x08000198                        . = ALIGN (0x4)
 *(.text)
 .text          0x08000198       0x40 G:/STM32CubeIDE_1.18.0/STM32CubeIDE/plugins/com.st.stm32cube.ide.mcu.externaltools.gnu-tools-for-stm32.13.3.rel1.win32_1.0.0.202411081344/tools/bin/../lib/gcc/arm-none-eabi/13.3.1/thumb/v7e-m+fp/hard/crtbegin.o
 .text          0x080001d8      0x254 G:/STM32CubeIDE_1.18.0/STM32CubeIDE/plugins/com.st.stm32cube.ide.mcu.externaltools.gnu-tools-for-stm32.13.3.rel1.win32_1.0.0.202411081344/tools/bin/../lib/gcc/arm-none-eabi/13.3.1/thumb/v7e-m+fp/hard\libgcc.a(_arm_muldf3.o)
                0x080001d8                __muldf3
                0x080001d8                __aeabi_dmul
 .text          0x0800042c      0x378 G:/STM32CubeIDE_1.18.0/STM32CubeIDE/plugins/com.st.stm32cube.ide.mcu.externaltools.gnu-tools-for-stm32.13.3.rel1.win32_1.0.0.202411081344/tools/bin/../lib/gcc/arm-none-eabi/13.3.1/thumb/v7e-m+fp/hard\libgcc.a(_arm_addsubdf3.o)
                0x0800042c                __aeabi_drsub
                0x08000434                __aeabi_dsub
                0x08000434                __subdf3
                0x08000438                __aeabi_dadd
                0x08000438                __adddf3
                0x080006b0                __floatunsidf
                0x080006b0                __aeabi_ui2d
                0x080006d0                __floatsidf
                0x080006d0                __aeabi_i2d
                0x080006f4                __aeabi_f2d
                0x080006f4                __extendsfdf2
                0x08000738                __floatundidf
                0x08000738                __aeabi_ul2d
                0x08000748                __floatdidf
                0x08000748                __aeabi_l2d
 .text          0x080007a4       0x50 G:/STM32CubeIDE_1.18.0/STM32CubeIDE/plugins/com.st.stm32cube.ide.mcu.externaltools.gnu-tools-for-stm32.13.3.rel1.win32_1.0.0.202411081344/tools/bin/../lib/gcc/arm-none-eabi/13.3.1/thumb/v7e-m+fp/hard\libgcc.a(_arm_fixdfsi.o)
                0x080007a4                __aeabi_d2iz
                0x080007a4                __fixdfsi
 *(.text*)
 .text.Reset_Handler
                0x080007f4       0x50 ./Core/Startup/startup_stm32f303retx.o
                0x080007f4                Reset_Handler
 .text.Default_Handler
                0x08000844        0x2 ./Core/Startup/startup_stm32f303retx.o
                0x08000844                RTC_Alarm_IRQHandler
                0x08000844                TIM8_TRG_COM_IRQHandler
                0x08000844                TIM8_CC_IRQHandler
                0x08000844                DebugMon_Handler
                0x08000844                SPI4_IRQHandler
                0x08000844                TIM1_CC_IRQHandler
                0x08000844                HardFault_Handler
                0x08000844                USB_HP_IRQHandler
                0x08000844                PVD_IRQHandler
                0x08000844                TAMP_STAMP_IRQHandler
                0x08000844                PendSV_Handler
                0x08000844                NMI_Handler
                0x08000844                EXTI3_IRQHandler
                0x08000844                I2C3_ER_IRQHandler
                0x08000844                USB_HP_CAN_TX_IRQHandler
                0x08000844                EXTI0_IRQHandler
                0x08000844                I2C2_EV_IRQHandler
                0x08000844                FPU_IRQHandler
                0x08000844                TIM1_UP_TIM16_IRQHandler
                0x08000844                UsageFault_Handler
                0x08000844                ADC1_2_IRQHandler
                0x08000844                SPI1_IRQHandler
                0x08000844                CAN_SCE_IRQHandler
                0x08000844                TIM6_DAC_IRQHandler
                0x08000844                TIM8_UP_IRQHandler
                0x08000844                DMA1_Channel4_IRQHandler
                0x08000844                TIM20_TRG_COM_IRQHandler
                0x08000844                USART3_IRQHandler
                0x08000844                DMA1_Channel7_IRQHandler
                0x08000844                UART5_IRQHandler
                0x08000844                ADC3_IRQHandler
                0x08000844                TIM4_IRQHandler
                0x08000844                CAN_RX1_IRQHandler
                0x08000844                DMA2_Channel1_IRQHandler
                0x08000844                I2C1_EV_IRQHandler
                0x08000844                DMA1_Channel6_IRQHandler
                0x08000844                UART4_IRQHandler
                0x08000844                DMA2_Channel4_IRQHandler
                0x08000844                TIM3_IRQHandler
                0x08000844                RCC_IRQHandler
                0x08000844                TIM20_UP_IRQHandler
                0x08000844                DMA1_Channel1_IRQHandler
                0x08000844                Default_Handler
                0x08000844                USBWakeUp_RMP_IRQHandler
                0x08000844                EXTI15_10_IRQHandler
                0x08000844                TIM7_IRQHandler
                0x08000844                I2C3_EV_IRQHandler
                0x08000844                EXTI9_5_IRQHandler
                0x08000844                RTC_WKUP_IRQHandler
                0x08000844                SPI2_IRQHandler
                0x08000844                USB_LP_CAN_RX0_IRQHandler
                0x08000844                MemManage_Handler
                0x08000844                SVC_Handler
                0x08000844                DMA2_Channel5_IRQHandler
                0x08000844                DMA1_Channel5_IRQHandler
                0x08000844                USB_LP_IRQHandler
                0x08000844                EXTI4_IRQHandler
                0x08000844                TIM1_TRG_COM_TIM17_IRQHandler
                0x08000844                DMA1_Channel3_IRQHandler
                0x08000844                ADC4_IRQHandler
                0x08000844                WWDG_IRQHandler
                0x08000844                TIM2_IRQHandler
                0x08000844                COMP7_IRQHandler
                0x08000844                COMP1_2_3_IRQHandler
                0x08000844                EXTI1_IRQHandler
                0x08000844                USART2_IRQHandler
                0x08000844                COMP4_5_6_IRQHandler
                0x08000844                TIM20_BRK_IRQHandler
                0x08000844                I2C2_ER_IRQHandler
                0x08000844                TIM8_BRK_IRQHandler
                0x08000844                FLASH_IRQHandler
                0x08000844                TIM20_CC_IRQHandler
                0x08000844                BusFault_Handler
                0x08000844                SPI3_IRQHandler
                0x08000844                I2C1_ER_IRQHandler
                0x08000844                FMC_IRQHandler
                0x08000844                USBWakeUp_IRQHandler
                0x08000844                DMA2_Channel3_IRQHandler
                0x08000844                EXTI2_TSC_IRQHandler
                0x08000844                TIM1_BRK_TIM15_IRQHandler
 *fill*         0x08000846        0x2 
 .text.HAL_InitTick
                0x08000848       0x48 ./Drivers/STM32F3xx_HAL_Driver/Src/stm32f3xx_hal.o
                0x08000848                HAL_InitTick
 .text.HAL_Init
                0x08000890       0x24 ./Drivers/STM32F3xx_HAL_Driver/Src/stm32f3xx_hal.o
                0x08000890                HAL_Init
 .text.HAL_IncTick
                0x080008b4       0x18 ./Drivers/STM32F3xx_HAL_Driver/Src/stm32f3xx_hal.o
                0x080008b4                HAL_IncTick
 .text.HAL_GetTick
                0x080008cc        0xc ./Drivers/STM32F3xx_HAL_Driver/Src/stm32f3xx_hal.o
                0x080008cc                HAL_GetTick
 .text.HAL_ADC_ErrorCallback
                0x080008d8        0x4 ./Drivers/STM32F3xx_HAL_Driver/Src/stm32f3xx_hal_adc.o
                0x080008d8                HAL_ADC_ErrorCallback
 .text.ADC_Disable
                0x080008dc       0x6c ./Drivers/STM32F3xx_HAL_Driver/Src/stm32f3xx_hal_adc_ex.o
 .text.ADC_Enable
                0x08000948       0x6c ./Drivers/STM32F3xx_HAL_Driver/Src/stm32f3xx_hal_adc_ex.o
 .text.ADC_DMAError
                0x080009b4       0x18 ./Drivers/STM32F3xx_HAL_Driver/Src/stm32f3xx_hal_adc_ex.o
 .text.ADC_DMAHalfConvCplt
                0x080009cc        0x8 ./Drivers/STM32F3xx_HAL_Driver/Src/stm32f3xx_hal_adc_ex.o
 .text.ADC_DMAConvCplt
                0x080009d4       0x44 ./Drivers/STM32F3xx_HAL_Driver/Src/stm32f3xx_hal_adc_ex.o
 .text.HAL_ADC_Init
                0x08000a18      0x494 ./Drivers/STM32F3xx_HAL_Driver/Src/stm32f3xx_hal_adc_ex.o
                0x08000a18                HAL_ADC_Init
 .text.HAL_ADC_Start_DMA
                0x08000eac      0x184 ./Drivers/STM32F3xx_HAL_Driver/Src/stm32f3xx_hal_adc_ex.o
                0x08000eac                HAL_ADC_Start_DMA
 .text.HAL_ADC_ConfigChannel
                0x08001030      0x4dc ./Drivers/STM32F3xx_HAL_Driver/Src/stm32f3xx_hal_adc_ex.o
                0x08001030                HAL_ADC_ConfigChannel
 .text.HAL_ADCEx_MultiModeConfigChannel
                0x0800150c      0x190 ./Drivers/STM32F3xx_HAL_Driver/Src/stm32f3xx_hal_adc_ex.o
                0x0800150c                HAL_ADCEx_MultiModeConfigChannel
 .text.HAL_NVIC_SetPriorityGrouping
                0x0800169c       0x3c ./Drivers/STM32F3xx_HAL_Driver/Src/stm32f3xx_hal_cortex.o
                0x0800169c                HAL_NVIC_SetPriorityGrouping
 .text.HAL_NVIC_SetPriority
                0x080016d8       0x8c ./Drivers/STM32F3xx_HAL_Driver/Src/stm32f3xx_hal_cortex.o
                0x080016d8                HAL_NVIC_SetPriority
 .text.HAL_NVIC_EnableIRQ
                0x08001764       0x28 ./Drivers/STM32F3xx_HAL_Driver/Src/stm32f3xx_hal_cortex.o
                0x08001764                HAL_NVIC_EnableIRQ
 .text.HAL_SYSTICK_Config
                0x0800178c       0x34 ./Drivers/STM32F3xx_HAL_Driver/Src/stm32f3xx_hal_cortex.o
                0x0800178c                HAL_SYSTICK_Config
 .text.HAL_DAC_Init
                0x080017c0       0x48 ./Drivers/STM32F3xx_HAL_Driver/Src/stm32f3xx_hal_dac.o
                0x080017c0                HAL_DAC_Init
 .text.HAL_DAC_ConfigChannel
                0x08001808       0xa4 ./Drivers/STM32F3xx_HAL_Driver/Src/stm32f3xx_hal_dac_ex.o
                0x08001808                HAL_DAC_ConfigChannel
 .text.HAL_DMA_Init
                0x080018ac      0x178 ./Drivers/STM32F3xx_HAL_Driver/Src/stm32f3xx_hal_dma.o
                0x080018ac                HAL_DMA_Init
 .text.HAL_DMA_Start_IT
                0x08001a24       0xa4 ./Drivers/STM32F3xx_HAL_Driver/Src/stm32f3xx_hal_dma.o
                0x08001a24                HAL_DMA_Start_IT
 .text.HAL_DMA_Abort
                0x08001ac8       0x48 ./Drivers/STM32F3xx_HAL_Driver/Src/stm32f3xx_hal_dma.o
                0x08001ac8                HAL_DMA_Abort
 .text.HAL_DMA_Abort_IT
                0x08001b10       0x40 ./Drivers/STM32F3xx_HAL_Driver/Src/stm32f3xx_hal_dma.o
                0x08001b10                HAL_DMA_Abort_IT
 .text.HAL_DMA_IRQHandler
                0x08001b50       0x94 ./Drivers/STM32F3xx_HAL_Driver/Src/stm32f3xx_hal_dma.o
                0x08001b50                HAL_DMA_IRQHandler
 .text.HAL_GPIO_Init
                0x08001be4      0x354 ./Drivers/STM32F3xx_HAL_Driver/Src/stm32f3xx_hal_gpio.o
                0x08001be4                HAL_GPIO_Init
 .text.HAL_GPIO_WritePin
                0x08001f38       0x34 ./Drivers/STM32F3xx_HAL_Driver/Src/stm32f3xx_hal_gpio.o
                0x08001f38                HAL_GPIO_WritePin
 .text.HAL_OPAMP_Init
                0x08001f6c      0x1fc ./Drivers/STM32F3xx_HAL_Driver/Src/stm32f3xx_hal_opamp.o
                0x08001f6c                HAL_OPAMP_Init
 .text.HAL_RCC_OscConfig
                0x08002168      0x6a4 ./Drivers/STM32F3xx_HAL_Driver/Src/stm32f3xx_hal_rcc.o
                0x08002168                HAL_RCC_OscConfig
 .text.HAL_RCC_GetSysClockFreq
                0x0800280c       0x44 ./Drivers/STM32F3xx_HAL_Driver/Src/stm32f3xx_hal_rcc.o
                0x0800280c                HAL_RCC_GetSysClockFreq
 .text.HAL_RCC_ClockConfig
                0x08002850      0x228 ./Drivers/STM32F3xx_HAL_Driver/Src/stm32f3xx_hal_rcc.o
                0x08002850                HAL_RCC_ClockConfig
 .text.HAL_RCC_GetPCLK1Freq
                0x08002a78       0x30 ./Drivers/STM32F3xx_HAL_Driver/Src/stm32f3xx_hal_rcc.o
                0x08002a78                HAL_RCC_GetPCLK1Freq
 .text.HAL_RCC_GetPCLK2Freq
                0x08002aa8       0x30 ./Drivers/STM32F3xx_HAL_Driver/Src/stm32f3xx_hal_rcc.o
                0x08002aa8                HAL_RCC_GetPCLK2Freq
 .text.HAL_RCCEx_PeriphCLKConfig
                0x08002ad8      0x4d4 ./Drivers/STM32F3xx_HAL_Driver/Src/stm32f3xx_hal_rcc_ex.o
                0x08002ad8                HAL_RCCEx_PeriphCLKConfig
 .text.HAL_TIM_Base_Start
                0x08002fac       0xd8 ./Drivers/STM32F3xx_HAL_Driver/Src/stm32f3xx_hal_tim.o
                0x08002fac                HAL_TIM_Base_Start
 .text.HAL_TIM_OnePulse_MspInit
                0x08003084        0x4 ./Drivers/STM32F3xx_HAL_Driver/Src/stm32f3xx_hal_tim.o
                0x08003084                HAL_TIM_OnePulse_MspInit
 .text.HAL_TIM_ConfigClockSource
                0x08003088      0x4e4 ./Drivers/STM32F3xx_HAL_Driver/Src/stm32f3xx_hal_tim.o
                0x08003088                HAL_TIM_ConfigClockSource
 .text.TIM_Base_SetConfig
                0x0800356c       0xd8 ./Drivers/STM32F3xx_HAL_Driver/Src/stm32f3xx_hal_tim.o
                0x0800356c                TIM_Base_SetConfig
 .text.HAL_TIM_Base_Init
                0x08003644      0x15c ./Drivers/STM32F3xx_HAL_Driver/Src/stm32f3xx_hal_tim.o
                0x08003644                HAL_TIM_Base_Init
 .text.HAL_TIM_OnePulse_Init
                0x080037a0      0x160 ./Drivers/STM32F3xx_HAL_Driver/Src/stm32f3xx_hal_tim.o
                0x080037a0                HAL_TIM_OnePulse_Init
 .text.HAL_TIMEx_MasterConfigSynchronization
                0x08003900      0x198 ./Drivers/STM32F3xx_HAL_Driver/Src/stm32f3xx_hal_tim_ex.o
                0x08003900                HAL_TIMEx_MasterConfigSynchronization
 .text.UART_EndRxTransfer
                0x08003a98       0x60 ./Drivers/STM32F3xx_HAL_Driver/Src/stm32f3xx_hal_uart.o
 .text.UART_TxISR_16BIT
                0x08003af8       0x50 ./Drivers/STM32F3xx_HAL_Driver/Src/stm32f3xx_hal_uart.o
 .text.UART_TxISR_8BIT
                0x08003b48       0x4c ./Drivers/STM32F3xx_HAL_Driver/Src/stm32f3xx_hal_uart.o
 .text.HAL_UART_Transmit_IT
                0x08003b94       0x68 ./Drivers/STM32F3xx_HAL_Driver/Src/stm32f3xx_hal_uart.o
                0x08003b94                HAL_UART_Transmit_IT
 .text.HAL_UART_TxCpltCallback
                0x08003bfc        0x4 ./Drivers/STM32F3xx_HAL_Driver/Src/stm32f3xx_hal_uart.o
                0x08003bfc                HAL_UART_TxCpltCallback
 .text.HAL_UART_ErrorCallback
                0x08003c00        0x4 ./Drivers/STM32F3xx_HAL_Driver/Src/stm32f3xx_hal_uart.o
                0x08003c00                HAL_UART_ErrorCallback
 .text.UART_DMAAbortOnError
                0x08003c04       0x14 ./Drivers/STM32F3xx_HAL_Driver/Src/stm32f3xx_hal_uart.o
 .text.HAL_UARTEx_RxEventCallback
                0x08003c18        0x4 ./Drivers/STM32F3xx_HAL_Driver/Src/stm32f3xx_hal_uart.o
                0x08003c18                HAL_UARTEx_RxEventCallback
 .text.HAL_UART_IRQHandler
                0x08003c1c      0x328 ./Drivers/STM32F3xx_HAL_Driver/Src/stm32f3xx_hal_uart.o
                0x08003c1c                HAL_UART_IRQHandler
 .text.UART_SetConfig
                0x08003f44      0x268 ./Drivers/STM32F3xx_HAL_Driver/Src/stm32f3xx_hal_uart.o
                0x08003f44                UART_SetConfig
 .text.UART_AdvFeatureConfig
                0x080041ac      0x1d0 ./Drivers/STM32F3xx_HAL_Driver/Src/stm32f3xx_hal_uart.o
                0x080041ac                UART_AdvFeatureConfig
 .text.UART_WaitOnFlagUntilTimeout
                0x0800437c       0x9c ./Drivers/STM32F3xx_HAL_Driver/Src/stm32f3xx_hal_uart.o
                0x0800437c                UART_WaitOnFlagUntilTimeout
 .text.UART_CheckIdleState
                0x08004418       0xb8 ./Drivers/STM32F3xx_HAL_Driver/Src/stm32f3xx_hal_uart.o
                0x08004418                UART_CheckIdleState
 .text.HAL_UART_Init
                0x080044d0       0xcc ./Drivers/STM32F3xx_HAL_Driver/Src/stm32f3xx_hal_uart.o
                0x080044d0                HAL_UART_Init
 .text.HAL_UARTEx_WakeupCallback
                0x0800459c        0x4 ./Drivers/STM32F3xx_HAL_Driver/Src/stm32f3xx_hal_uart_ex.o
                0x0800459c                HAL_UARTEx_WakeupCallback
 .text.SystemClock_Config
                0x080045a0       0xa4 ./Src/main.o
                0x080045a0                SystemClock_Config
 .text.startup.main
                0x08004644      0x5cc ./Src/main.o
                0x08004644                main
 .text.Error_Handler
                0x08004c10        0x4 ./Src/main.o
                0x08004c10                Error_Handler
 .text.assert_failed
                0x08004c14        0x4 ./Src/main.o
                0x08004c14                assert_failed
 .text.HAL_MspInit
                0x08004c18       0x34 ./Src/stm32f3xx_hal_msp.o
                0x08004c18                HAL_MspInit
 .text.HAL_ADC_MspInit
                0x08004c4c      0x150 ./Src/stm32f3xx_hal_msp.o
                0x08004c4c                HAL_ADC_MspInit
 *fill*         0x08004d9c        0x4 
 .text.HAL_DAC_MspInit
                0x08004da0       0x74 ./Src/stm32f3xx_hal_msp.o
                0x08004da0                HAL_DAC_MspInit
 *fill*         0x08004e14        0x4 
 .text.HAL_OPAMP_MspInit
                0x08004e18       0xe8 ./Src/stm32f3xx_hal_msp.o
                0x08004e18                HAL_OPAMP_MspInit
 .text.HAL_TIM_Base_MspInit
                0x08004f00       0xd8 ./Src/stm32f3xx_hal_msp.o
                0x08004f00                HAL_TIM_Base_MspInit
 .text.HAL_UART_MspInit
                0x08004fd8       0x84 ./Src/stm32f3xx_hal_msp.o
                0x08004fd8                HAL_UART_MspInit
 .text.SysTick_Handler
                0x0800505c        0x4 ./Src/stm32f3xx_it.o
                0x0800505c                SysTick_Handler
 .text.DMA1_Channel2_IRQHandler
                0x08005060        0xc ./Src/stm32f3xx_it.o
                0x08005060                DMA1_Channel2_IRQHandler
 .text.USART1_IRQHandler
                0x0800506c        0xc ./Src/stm32f3xx_it.o
                0x0800506c                USART1_IRQHandler
 .text.DMA2_Channel2_IRQHandler
                0x08005078        0xc ./Src/stm32f3xx_it.o
                0x08005078                DMA2_Channel2_IRQHandler
 .text.SystemInit
                0x08005084       0x68 ./Src/system_stm32f3xx.o
                0x08005084                SystemInit
 .text._ZN11IndexInfoTXC2EP20__UART_HandleTypeDef
                0x080050ec        0x4 ./Src/user/index_info_tx.o
                0x080050ec                IndexInfoTX::IndexInfoTX(__UART_HandleTypeDef*)
                0x080050ec                IndexInfoTX::IndexInfoTX(__UART_HandleTypeDef*)
 .text._ZN11IndexInfoTX12transmit_idxEiit
                0x080050f0       0x28 ./Src/user/index_info_tx.o
                0x080050f0                IndexInfoTX::transmit_idx(int, int, unsigned short)
 .text._ZN11IndexInfoTX14transmit_err_1Eii
                0x08005118       0x24 ./Src/user/index_info_tx.o
                0x08005118                IndexInfoTX::transmit_err_1(int, int)
 .text._ZN15MaxPeakDetectorC2EP19__ADC_HandleTypeDefP17TIM_HandleTypeDefP11IndexInfoTX
                0x0800513c       0x74 ./Src/user/max_peak_detector.o
                0x0800513c                MaxPeakDetector::MaxPeakDetector(__ADC_HandleTypeDef*, TIM_HandleTypeDef*, IndexInfoTX*)
                0x0800513c                MaxPeakDetector::MaxPeakDetector(__ADC_HandleTypeDef*, TIM_HandleTypeDef*, IndexInfoTX*)
 .text._ZN15MaxPeakDetector11search_loopEv
                0x080051b0      0x168 ./Src/user/max_peak_detector.o
                0x080051b0                MaxPeakDetector::search_loop()
 .text._ZN15MaxPeakDetector11detect_peakEv
                0x08005318       0xb0 ./Src/user/max_peak_detector.o
                0x08005318                MaxPeakDetector::detect_peak()
 .text.HAL_ADC_ConvHalfCpltCallback
                0x080053c8       0x3c ./Src/user/max_peak_detector.o
                0x080053c8                HAL_ADC_ConvHalfCpltCallback
 .text.HAL_ADC_ConvCpltCallback
                0x08005404       0x20 ./Src/user/max_peak_detector.o
                0x08005404                HAL_ADC_ConvCpltCallback
 .text._ZN13PGA_cascade_2C2EP19OPAMP_HandleTypeDefS1_
                0x08005424        0x8 ./Src/user/pga.o
                0x08005424                PGA_cascade_2::PGA_cascade_2(OPAMP_HandleTypeDef*, OPAMP_HandleTypeDef*)
                0x08005424                PGA_cascade_2::PGA_cascade_2(OPAMP_HandleTypeDef*, OPAMP_HandleTypeDef*)
 .text._ZN13PGA_cascade_27setGainEi
                0x0800542c      0x104 ./Src/user/pga.o
                0x0800542c                PGA_cascade_2::setGain(int)
 .text._Z27first_half_written_callbackP19__DMA_HandleTypeDef
                0x08005530       0x78 ./Src/user/ping_out.o
                0x08005530                first_half_written_callback(__DMA_HandleTypeDef*)
 .text._Z27secnd_half_written_callbackP19__DMA_HandleTypeDef
                0x080055a8       0x40 ./Src/user/ping_out.o
                0x080055a8                secnd_half_written_callback(__DMA_HandleTypeDef*)
 .text._ZN7PingOutC2EP19__DMA_HandleTypeDefP17TIM_HandleTypeDef
                0x080055e8       0x70 ./Src/user/ping_out.o
                0x080055e8                PingOut::PingOut(__DMA_HandleTypeDef*, TIM_HandleTypeDef*)
                0x080055e8                PingOut::PingOut(__DMA_HandleTypeDef*, TIM_HandleTypeDef*)
 .text._ZN7PingOut24start_periodic_schedulerEi
                0x08005658       0x10 ./Src/user/ping_out.o
                0x08005658                PingOut::start_periodic_scheduler(int)
 .text._ZN7PingOut3setEi
                0x08005668       0xb8 ./Src/user/ping_out.o
                0x08005668                PingOut::set(int)
 .text._ZN7PingOut5clearEi
                0x08005720       0xa0 ./Src/user/ping_out.o
                0x08005720                PingOut::clear(int)
 .text._ZN7PingOut6updateEv
                0x080057c0       0x80 ./Src/user/ping_out.o
                0x080057c0                PingOut::update()
 .text.tof_master_main
                0x08005840       0x5c ./Src/user/tof_master.o
                0x08005840                tof_master_main
 .text.memset   0x0800589c       0x10 G:/STM32CubeIDE_1.18.0/STM32CubeIDE/plugins/com.st.stm32cube.ide.mcu.externaltools.gnu-tools-for-stm32.13.3.rel1.win32_1.0.0.202411081344/tools/bin/../lib/gcc/arm-none-eabi/13.3.1/../../../../arm-none-eabi/lib/thumb/v7e-m+fp/hard\libc_nano.a(libc_a-memset.o)
                0x0800589c                memset
 .text.__libc_init_array
                0x080058ac       0x48 G:/STM32CubeIDE_1.18.0/STM32CubeIDE/plugins/com.st.stm32cube.ide.mcu.externaltools.gnu-tools-for-stm32.13.3.rel1.win32_1.0.0.202411081344/tools/bin/../lib/gcc/arm-none-eabi/13.3.1/../../../../arm-none-eabi/lib/thumb/v7e-m+fp/hard\libc_nano.a(libc_a-init.o)
                0x080058ac                __libc_init_array
 *(.glue_7)
 .glue_7        0x080058f4        0x0 linker stubs
 *(.glue_7t)
 .glue_7t       0x080058f4        0x0 linker stubs
 *(.eh_frame)
 .eh_frame      0x080058f4        0x0 G:/STM32CubeIDE_1.18.0/STM32CubeIDE/plugins/com.st.stm32cube.ide.mcu.externaltools.gnu-tools-for-stm32.13.3.rel1.win32_1.0.0.202411081344/tools/bin/../lib/gcc/arm-none-eabi/13.3.1/thumb/v7e-m+fp/hard/crtbegin.o
 *(.init)
 .init          0x080058f4        0x4 G:/STM32CubeIDE_1.18.0/STM32CubeIDE/plugins/com.st.stm32cube.ide.mcu.externaltools.gnu-tools-for-stm32.13.3.rel1.win32_1.0.0.202411081344/tools/bin/../lib/gcc/arm-none-eabi/13.3.1/thumb/v7e-m+fp/hard/crti.o
                0x080058f4                _init
 .init          0x080058f8        0x8 G:/STM32CubeIDE_1.18.0/STM32CubeIDE/plugins/com.st.stm32cube.ide.mcu.externaltools.gnu-tools-for-stm32.13.3.rel1.win32_1.0.0.202411081344/tools/bin/../lib/gcc/arm-none-eabi/13.3.1/thumb/v7e-m+fp/hard/crtn.o
 *(.fini)
 .fini          0x08005900        0x4 G:/STM32CubeIDE_1.18.0/STM32CubeIDE/plugins/com.st.stm32cube.ide.mcu.externaltools.gnu-tools-for-stm32.13.3.rel1.win32_1.0.0.202411081344/tools/bin/../lib/gcc/arm-none-eabi/13.3.1/thumb/v7e-m+fp/hard/crti.o
                0x08005900                _fini
 .fini          0x08005904        0x8 G:/STM32CubeIDE_1.18.0/STM32CubeIDE/plugins/com.st.stm32cube.ide.mcu.externaltools.gnu-tools-for-stm32.13.3.rel1.win32_1.0.0.202411081344/tools/bin/../lib/gcc/arm-none-eabi/13.3.1/thumb/v7e-m+fp/hard/crtn.o
                0x0800590c                        . = ALIGN (0x4)
                0x0800590c                        _etext = .

.vfp11_veneer   0x0800590c        0x0
 .vfp11_veneer  0x0800590c        0x0 linker stubs

.v4_bx          0x0800590c        0x0
 .v4_bx         0x0800590c        0x0 linker stubs

.iplt           0x0800590c        0x0
 .iplt          0x0800590c        0x0 G:/STM32CubeIDE_1.18.0/STM32CubeIDE/plugins/com.st.stm32cube.ide.mcu.externaltools.gnu-tools-for-stm32.13.3.rel1.win32_1.0.0.202411081344/tools/bin/../lib/gcc/arm-none-eabi/13.3.1/thumb/v7e-m+fp/hard/crtbegin.o

.rodata         0x0800590c      0x2f8
                0x0800590c                        . = ALIGN (0x4)
 *(.rodata)
 *(.rodata*)
 .rodata.ADC_ConversionStop.str1.4
                0x0800590c      0x2bd ./Drivers/STM32F3xx_HAL_Driver/Src/stm32f3xx_hal_adc_ex.o
                                 0x3b (size before relaxing)
 .rodata.HAL_NVIC_SetPriorityGrouping.str1.4
                0x08005bc9       0x3b ./Drivers/STM32F3xx_HAL_Driver/Src/stm32f3xx_hal_cortex.o
 .rodata.HAL_DAC_Init.str1.4
                0x08005bc9       0x38 ./Drivers/STM32F3xx_HAL_Driver/Src/stm32f3xx_hal_dac.o
 .rodata.HAL_DAC_SetValue.str1.4
                0x08005bc9       0x3b ./Drivers/STM32F3xx_HAL_Driver/Src/stm32f3xx_hal_dac_ex.o
 .rodata.HAL_DMA_Init.str1.4
                0x08005bc9       0x38 ./Drivers/STM32F3xx_HAL_Driver/Src/stm32f3xx_hal_dma.o
 .rodata.HAL_GPIO_Init.str1.4
                0x08005bc9       0x39 ./Drivers/STM32F3xx_HAL_Driver/Src/stm32f3xx_hal_gpio.o
 .rodata.HAL_OPAMP_Init.str1.4
                0x08005bc9       0x3a ./Drivers/STM32F3xx_HAL_Driver/Src/stm32f3xx_hal_opamp.o
 .rodata.HAL_RCC_OscConfig.str1.4
                0x08005bc9       0x38 ./Drivers/STM32F3xx_HAL_Driver/Src/stm32f3xx_hal_rcc.o
 *fill*         0x08005bc9        0x3 
 .rodata.aPredivFactorTable
                0x08005bcc       0x10 ./Drivers/STM32F3xx_HAL_Driver/Src/stm32f3xx_hal_rcc.o
 .rodata.aPLLMULFactorTable
                0x08005bdc       0x10 ./Drivers/STM32F3xx_HAL_Driver/Src/stm32f3xx_hal_rcc.o
 .rodata.HAL_RCCEx_PeriphCLKConfig.str1.4
                0x08005bec       0x3b ./Drivers/STM32F3xx_HAL_Driver/Src/stm32f3xx_hal_rcc_ex.o
 .rodata.TIM_OC1_SetConfig.str1.4
                0x08005bec       0x38 ./Drivers/STM32F3xx_HAL_Driver/Src/stm32f3xx_hal_tim.o
 .rodata.HAL_TIMEx_HallSensor_Init.str1.4
                0x08005bec       0x3b ./Drivers/STM32F3xx_HAL_Driver/Src/stm32f3xx_hal_tim_ex.o
 .rodata.HAL_UART_DeInit.str1.4
                0x08005bec       0x39 ./Drivers/STM32F3xx_HAL_Driver/Src/stm32f3xx_hal_uart.o
 .rodata.APBPrescTable
                0x08005bec        0x8 ./Src/system_stm32f3xx.o
                0x08005bec                APBPrescTable
 .rodata.AHBPrescTable
                0x08005bf4       0x10 ./Src/system_stm32f3xx.o
                0x08005bf4                AHBPrescTable
                0x08005c28                        . = ALIGN (0x4)

.ARM.extab      0x08005c04        0x0
                0x08005c04                        . = ALIGN (0x4)
 *(.ARM.extab* .gnu.linkonce.armextab.*)
                0x08005c04                        . = ALIGN (0x4)

.ARM            0x08005c04        0x0
                0x08005c04                        . = ALIGN (0x4)
                0x08005c04                        __exidx_start = .
 *(.ARM.exidx*)
                0x08005c04                        __exidx_end = .
                0x08005c04                        . = ALIGN (0x4)

.preinit_array  0x08005c04        0x0
                0x08005c04                        . = ALIGN (0x4)
                0x08005c04                        PROVIDE (__preinit_array_start = .)
 *(.preinit_array*)
                0x08005c04                        PROVIDE (__preinit_array_end = .)
                0x08005c04                        . = ALIGN (0x4)

.init_array     0x08005c04        0x4
                0x08005c04                        . = ALIGN (0x4)
                0x08005c04                        PROVIDE (__init_array_start = .)
 *(SORT_BY_NAME(.init_array.*))
 *(.init_array*)
 .init_array    0x08005c04        0x4 G:/STM32CubeIDE_1.18.0/STM32CubeIDE/plugins/com.st.stm32cube.ide.mcu.externaltools.gnu-tools-for-stm32.13.3.rel1.win32_1.0.0.202411081344/tools/bin/../lib/gcc/arm-none-eabi/13.3.1/thumb/v7e-m+fp/hard/crtbegin.o
                0x08005c08                        PROVIDE (__init_array_end = .)
                0x08005c08                        . = ALIGN (0x4)

.fini_array     0x08005c08        0x4
                0x08005c08                        . = ALIGN (0x4)
                [!provide]                        PROVIDE (__fini_array_start = .)
 *(SORT_BY_NAME(.fini_array.*))
 *(.fini_array*)
 .fini_array    0x08005c08        0x4 G:/STM32CubeIDE_1.18.0/STM32CubeIDE/plugins/com.st.stm32cube.ide.mcu.externaltools.gnu-tools-for-stm32.13.3.rel1.win32_1.0.0.202411081344/tools/bin/../lib/gcc/arm-none-eabi/13.3.1/thumb/v7e-m+fp/hard/crtbegin.o
                [!provide]                        PROVIDE (__fini_array_end = .)
                0x08005c0c                        . = ALIGN (0x4)
                0x08005c0c                        _sidata = LOADADDR (.data)

.rel.dyn        0x08005c0c        0x0
 .rel.iplt      0x08005c0c        0x0 G:/STM32CubeIDE_1.18.0/STM32CubeIDE/plugins/com.st.stm32cube.ide.mcu.externaltools.gnu-tools-for-stm32.13.3.rel1.win32_1.0.0.202411081344/tools/bin/../lib/gcc/arm-none-eabi/13.3.1/thumb/v7e-m+fp/hard/crtbegin.o

.data           0x20000000       0x18 load address 0x08005c0c
                0x20000000                        . = ALIGN (0x4)
                0x20000000                        _sdata = .
 *(.data)
 *(.data*)
 .data.uwTickFreq
                0x20000000        0x1 ./Drivers/STM32F3xx_HAL_Driver/Src/stm32f3xx_hal.o
                0x20000000                uwTickFreq
 *fill*         0x20000001        0x3 
 .data.uwTickPrio
                0x20000004        0x4 ./Drivers/STM32F3xx_HAL_Driver/Src/stm32f3xx_hal.o
                0x20000004                uwTickPrio
 .data.SystemCoreClock
                0x20000008        0x4 ./Src/system_stm32f3xx.o
                0x20000008                SystemCoreClock
 .data._ZN15MaxPeakDetector12global_stateE
                0x2000000c        0x4 ./Src/user/max_peak_detector.o
                0x2000000c                MaxPeakDetector::global_state
 .data._ZN7PingOut13time_to_clearE
                0x20000010        0x4 ./Src/user/ping_out.o
                0x20000010                PingOut::time_to_clear
 .data._ZN7PingOut8po_stateE
                0x20000014        0x4 ./Src/user/ping_out.o
                0x20000014                PingOut::po_state
 *(.RamFunc)
 *(.RamFunc*)
                0x20000018                        . = ALIGN (0x4)
                0x20000018                        _edata = .
                0x08005c24                        _siccmram = LOADADDR (.ccmram)

.igot.plt       0x20000018        0x0 load address 0x08005c24
 .igot.plt      0x20000018        0x0 G:/STM32CubeIDE_1.18.0/STM32CubeIDE/plugins/com.st.stm32cube.ide.mcu.externaltools.gnu-tools-for-stm32.13.3.rel1.win32_1.0.0.202411081344/tools/bin/../lib/gcc/arm-none-eabi/13.3.1/thumb/v7e-m+fp/hard/crtbegin.o

.ccmram         0x10000000        0x0 load address 0x08005c24
                0x10000000                        . = ALIGN (0x4)
                0x10000000                        _sccmram = .
 *(.ccmram)
 *(.ccmram*)
                0x10000000                        . = ALIGN (0x4)
                0x10000000                        _eccmram = .
                0x10000000                        . = ALIGN (0x4)

.bss            0x20000018     0xbf94
                0x20000018                        _sbss = .
                0x20000018                        __bss_start__ = _sbss
 *(.bss)
 .bss           0x20000018       0x1c G:/STM32CubeIDE_1.18.0/STM32CubeIDE/plugins/com.st.stm32cube.ide.mcu.externaltools.gnu-tools-for-stm32.13.3.rel1.win32_1.0.0.202411081344/tools/bin/../lib/gcc/arm-none-eabi/13.3.1/thumb/v7e-m+fp/hard/crtbegin.o
 *(.bss*)
 .bss.uwTick    0x20000034        0x4 ./Drivers/STM32F3xx_HAL_Driver/Src/stm32f3xx_hal.o
                0x20000034                uwTick
 .bss.huart1    0x20000038       0x88 ./Src/main.o
                0x20000038                huart1
 .bss.hdma_tim2_up
                0x200000c0       0x44 ./Src/main.o
                0x200000c0                hdma_tim2_up
 .bss.htim8     0x20000104       0x4c ./Src/main.o
                0x20000104                htim8
 .bss.htim4     0x20000150       0x4c ./Src/main.o
                0x20000150                htim4
 .bss.htim3     0x2000019c       0x4c ./Src/main.o
                0x2000019c                htim3
 .bss.htim2     0x200001e8       0x4c ./Src/main.o
                0x200001e8                htim2
 .bss.hopamp4   0x20000234       0x34 ./Src/main.o
                0x20000234                hopamp4
 .bss.hopamp3   0x20000268       0x34 ./Src/main.o
                0x20000268                hopamp3
 .bss.hopamp2   0x2000029c       0x34 ./Src/main.o
                0x2000029c                hopamp2
 .bss.hdac1     0x200002d0       0x14 ./Src/main.o
                0x200002d0                hdac1
 .bss.hdma_adc4
                0x200002e4       0x44 ./Src/main.o
                0x200002e4                hdma_adc4
 .bss.hadc4     0x20000328       0x50 ./Src/main.o
                0x20000328                hadc4
 .bss.hadc2     0x20000378       0x50 ./Src/main.o
                0x20000378                hadc2
 .bss.hadc1     0x200003c8       0x50 ./Src/main.o
                0x200003c8                hadc1
 .bss.HAL_RCC_ADC12_CLK_ENABLED
                0x20000418        0x4 ./Src/stm32f3xx_hal_msp.o
 .bss._ZN15MaxPeakDetector7cur_pfxE
                0x2000041c        0x4 ./Src/user/max_peak_detector.o
                0x2000041c                MaxPeakDetector::cur_pfx
 .bss.buf       0x20000420     0x8ca0 ./Src/user/max_peak_detector.o
                0x20000420                buf
 .bss._ZN7PingOut5debugE
                0x200090c0        0x1 ./Src/user/ping_out.o
                0x200090c0                PingOut::debug
 .bss._ZN7PingOut23time_to_schedule_periodE
                0x200090c1        0x1 ./Src/user/ping_out.o
                0x200090c1                PingOut::time_to_schedule_period
 *fill*         0x200090c2        0x2 
 .bss._ZN7PingOut15schedule_periodE
                0x200090c4        0x4 ./Src/user/ping_out.o
                0x200090c4                PingOut::schedule_period
 .bss._ZN7PingOut11cur_out_pfxE
                0x200090c8        0x4 ./Src/user/ping_out.o
                0x200090c8                PingOut::cur_out_pfx
 .bss.out_buf   0x200090cc     0x2ee0 ./Src/user/ping_out.o
                0x200090cc                out_buf
 *(COMMON)
                0x2000bfac                        . = ALIGN (0x4)
                0x2000bfac                        _ebss = .
                0x2000bfac                        __bss_end__ = _ebss

._user_heap_stack
                0x2000bfac     0x2a04
                0x2000bfb0                        . = ALIGN (0x8)
 *fill*         0x2000bfac        0x4 
                [!provide]                        PROVIDE (end = .)
                [!provide]                        PROVIDE (_end = .)
                0x2000d1b0                        . = (. + _Min_Heap_Size)
 *fill*         0x2000bfb0     0x1200 
                0x2000e9b0                        . = (. + _Min_Stack_Size)
 *fill*         0x2000d1b0     0x1800 
                0x2000e9b0                        . = ALIGN (0x8)

/DISCARD/
 libc.a(*)
 libm.a(*)
 libgcc.a(*)

.ARM.attributes
                0x00000000       0x30
 *(.ARM.attributes)
 .ARM.attributes
                0x00000000       0x22 G:/STM32CubeIDE_1.18.0/STM32CubeIDE/plugins/com.st.stm32cube.ide.mcu.externaltools.gnu-tools-for-stm32.13.3.rel1.win32_1.0.0.202411081344/tools/bin/../lib/gcc/arm-none-eabi/13.3.1/thumb/v7e-m+fp/hard/crti.o
 .ARM.attributes
                0x00000022       0x34 G:/STM32CubeIDE_1.18.0/STM32CubeIDE/plugins/com.st.stm32cube.ide.mcu.externaltools.gnu-tools-for-stm32.13.3.rel1.win32_1.0.0.202411081344/tools/bin/../lib/gcc/arm-none-eabi/13.3.1/thumb/v7e-m+fp/hard/crtbegin.o
 .ARM.attributes
                0x00000056       0x21 ./Core/Startup/startup_stm32f303retx.o
 .ARM.attributes
                0x00000077       0x34 ./Drivers/STM32F3xx_HAL_Driver/Src/stm32f3xx_hal.o
 .ARM.attributes
                0x000000ab       0x34 ./Drivers/STM32F3xx_HAL_Driver/Src/stm32f3xx_hal_adc.o
 .ARM.attributes
                0x000000df       0x34 ./Drivers/STM32F3xx_HAL_Driver/Src/stm32f3xx_hal_adc_ex.o
 .ARM.attributes
                0x00000113       0x34 ./Drivers/STM32F3xx_HAL_Driver/Src/stm32f3xx_hal_cortex.o
 .ARM.attributes
                0x00000147       0x34 ./Drivers/STM32F3xx_HAL_Driver/Src/stm32f3xx_hal_dac.o
 .ARM.attributes
                0x0000017b       0x34 ./Drivers/STM32F3xx_HAL_Driver/Src/stm32f3xx_hal_dac_ex.o
 .ARM.attributes
                0x000001af       0x34 ./Drivers/STM32F3xx_HAL_Driver/Src/stm32f3xx_hal_dma.o
 .ARM.attributes
                0x000001e3       0x34 ./Drivers/STM32F3xx_HAL_Driver/Src/stm32f3xx_hal_gpio.o
 .ARM.attributes
                0x00000217       0x34 ./Drivers/STM32F3xx_HAL_Driver/Src/stm32f3xx_hal_opamp.o
 .ARM.attributes
                0x0000024b       0x34 ./Drivers/STM32F3xx_HAL_Driver/Src/stm32f3xx_hal_rcc.o
 .ARM.attributes
                0x0000027f       0x34 ./Drivers/STM32F3xx_HAL_Driver/Src/stm32f3xx_hal_rcc_ex.o
 .ARM.attributes
                0x000002b3       0x34 ./Drivers/STM32F3xx_HAL_Driver/Src/stm32f3xx_hal_tim.o
 .ARM.attributes
                0x000002e7       0x34 ./Drivers/STM32F3xx_HAL_Driver/Src/stm32f3xx_hal_tim_ex.o
 .ARM.attributes
                0x0000031b       0x34 ./Drivers/STM32F3xx_HAL_Driver/Src/stm32f3xx_hal_uart.o
 .ARM.attributes
                0x0000034f       0x34 ./Drivers/STM32F3xx_HAL_Driver/Src/stm32f3xx_hal_uart_ex.o
 .ARM.attributes
                0x00000383       0x34 ./Src/main.o
 .ARM.attributes
                0x000003b7       0x34 ./Src/stm32f3xx_hal_msp.o
 .ARM.attributes
                0x000003eb       0x34 ./Src/stm32f3xx_it.o
 .ARM.attributes
                0x0000041f       0x34 ./Src/system_stm32f3xx.o
 .ARM.attributes
                0x00000453       0x34 ./Src/user/index_info_tx.o
 .ARM.attributes
                0x00000487       0x34 ./Src/user/max_peak_detector.o
 .ARM.attributes
                0x000004bb       0x34 ./Src/user/pga.o
 .ARM.attributes
                0x000004ef       0x34 ./Src/user/ping_out.o
 .ARM.attributes
                0x00000523       0x34 ./Src/user/tof_master.o
 .ARM.attributes
                0x00000557       0x34 G:/STM32CubeIDE_1.18.0/STM32CubeIDE/plugins/com.st.stm32cube.ide.mcu.externaltools.gnu-tools-for-stm32.13.3.rel1.win32_1.0.0.202411081344/tools/bin/../lib/gcc/arm-none-eabi/13.3.1/../../../../arm-none-eabi/lib/thumb/v7e-m+fp/hard\libc_nano.a(libc_a-memset.o)
 .ARM.attributes
                0x0000058b       0x34 G:/STM32CubeIDE_1.18.0/STM32CubeIDE/plugins/com.st.stm32cube.ide.mcu.externaltools.gnu-tools-for-stm32.13.3.rel1.win32_1.0.0.202411081344/tools/bin/../lib/gcc/arm-none-eabi/13.3.1/../../../../arm-none-eabi/lib/thumb/v7e-m+fp/hard\libc_nano.a(libc_a-init.o)
 .ARM.attributes
                0x000005bf       0x22 G:/STM32CubeIDE_1.18.0/STM32CubeIDE/plugins/com.st.stm32cube.ide.mcu.externaltools.gnu-tools-for-stm32.13.3.rel1.win32_1.0.0.202411081344/tools/bin/../lib/gcc/arm-none-eabi/13.3.1/thumb/v7e-m+fp/hard\libgcc.a(_arm_muldf3.o)
 .ARM.attributes
                0x000005e1       0x22 G:/STM32CubeIDE_1.18.0/STM32CubeIDE/plugins/com.st.stm32cube.ide.mcu.externaltools.gnu-tools-for-stm32.13.3.rel1.win32_1.0.0.202411081344/tools/bin/../lib/gcc/arm-none-eabi/13.3.1/thumb/v7e-m+fp/hard\libgcc.a(_arm_addsubdf3.o)
 .ARM.attributes
                0x00000603       0x22 G:/STM32CubeIDE_1.18.0/STM32CubeIDE/plugins/com.st.stm32cube.ide.mcu.externaltools.gnu-tools-for-stm32.13.3.rel1.win32_1.0.0.202411081344/tools/bin/../lib/gcc/arm-none-eabi/13.3.1/thumb/v7e-m+fp/hard\libgcc.a(_arm_fixdfsi.o)
 .ARM.attributes
                0x00000625       0x22 G:/STM32CubeIDE_1.18.0/STM32CubeIDE/plugins/com.st.stm32cube.ide.mcu.externaltools.gnu-tools-for-stm32.13.3.rel1.win32_1.0.0.202411081344/tools/bin/../lib/gcc/arm-none-eabi/13.3.1/thumb/v7e-m+fp/hard/crtn.o
OUTPUT(adc_over_uart.elf elf32-littlearm)
LOAD linker stubs
LOAD G:/STM32CubeIDE_1.18.0/STM32CubeIDE/plugins/com.st.stm32cube.ide.mcu.externaltools.gnu-tools-for-stm32.13.3.rel1.win32_1.0.0.202411081344/tools/bin/../lib/gcc/arm-none-eabi/13.3.1/../../../../arm-none-eabi/lib/thumb/v7e-m+fp/hard\libc.a
LOAD G:/STM32CubeIDE_1.18.0/STM32CubeIDE/plugins/com.st.stm32cube.ide.mcu.externaltools.gnu-tools-for-stm32.13.3.rel1.win32_1.0.0.202411081344/tools/bin/../lib/gcc/arm-none-eabi/13.3.1/../../../../arm-none-eabi/lib/thumb/v7e-m+fp/hard\libm.a
LOAD G:/STM32CubeIDE_1.18.0/STM32CubeIDE/plugins/com.st.stm32cube.ide.mcu.externaltools.gnu-tools-for-stm32.13.3.rel1.win32_1.0.0.202411081344/tools/bin/../lib/gcc/arm-none-eabi/13.3.1/thumb/v7e-m+fp/hard\libgcc.a

.debug_line     0x00000000    0x2563e
 .debug_line    0x00000000       0x7a ./Core/Startup/startup_stm32f303retx.o
 .debug_line    0x0000007a      0xb7a ./Drivers/STM32F3xx_HAL_Driver/Src/stm32f3xx_hal.o
 .debug_line    0x00000bf4      0x9f8 ./Drivers/STM32F3xx_HAL_Driver/Src/stm32f3xx_hal_adc.o
 .debug_line    0x000015ec     0x3b42 ./Drivers/STM32F3xx_HAL_Driver/Src/stm32f3xx_hal_adc_ex.o
 .debug_line    0x0000512e      0xf2c ./Drivers/STM32F3xx_HAL_Driver/Src/stm32f3xx_hal_cortex.o
 .debug_line    0x0000605a      0xb57 ./Drivers/STM32F3xx_HAL_Driver/Src/stm32f3xx_hal_dac.o
 .debug_line    0x00006bb1      0xfaa ./Drivers/STM32F3xx_HAL_Driver/Src/stm32f3xx_hal_dac_ex.o
 .debug_line    0x00007b5b     0x1244 ./Drivers/STM32F3xx_HAL_Driver/Src/stm32f3xx_hal_dma.o
 .debug_line    0x00008d9f      0xf04 ./Drivers/STM32F3xx_HAL_Driver/Src/stm32f3xx_hal_gpio.o
 .debug_line    0x00009ca3      0xebc ./Drivers/STM32F3xx_HAL_Driver/Src/stm32f3xx_hal_opamp.o
 .debug_line    0x0000ab5f     0x1cf1 ./Drivers/STM32F3xx_HAL_Driver/Src/stm32f3xx_hal_rcc.o
 .debug_line    0x0000c850     0x1328 ./Drivers/STM32F3xx_HAL_Driver/Src/stm32f3xx_hal_rcc_ex.o
 .debug_line    0x0000db78     0x7c97 ./Drivers/STM32F3xx_HAL_Driver/Src/stm32f3xx_hal_tim.o
 .debug_line    0x0001580f     0x33df ./Drivers/STM32F3xx_HAL_Driver/Src/stm32f3xx_hal_tim_ex.o
 .debug_line    0x00018bee     0x4d7b ./Drivers/STM32F3xx_HAL_Driver/Src/stm32f3xx_hal_uart.o
 .debug_line    0x0001d969      0xef6 ./Drivers/STM32F3xx_HAL_Driver/Src/stm32f3xx_hal_uart_ex.o
 .debug_line    0x0001e85f     0x15e3 ./Src/main.o
 .debug_line    0x0001fe42      0xd94 ./Src/stm32f3xx_hal_msp.o
 .debug_line    0x00020bd6      0x83b ./Src/stm32f3xx_it.o
 .debug_line    0x00021411      0x8ea ./Src/system_stm32f3xx.o
 .debug_line    0x00021cfb      0x96d ./Src/user/index_info_tx.o
 .debug_line    0x00022668      0xde6 ./Src/user/max_peak_detector.o
 .debug_line    0x0002344e      0xc30 ./Src/user/pga.o
 .debug_line    0x0002407e      0xd0f ./Src/user/ping_out.o
 .debug_line    0x00024d8d      0x8b1 ./Src/user/tof_master.o

.debug_line_str
                0x00000000       0xad
 .debug_line_str
                0x00000000       0xad ./Core/Startup/startup_stm32f303retx.o

.debug_info     0x00000000    0x22eb6
 .debug_info    0x00000000       0x30 ./Core/Startup/startup_stm32f303retx.o
 .debug_info    0x00000030      0x934 ./Drivers/STM32F3xx_HAL_Driver/Src/stm32f3xx_hal.o
 .debug_info    0x00000964      0xb21 ./Drivers/STM32F3xx_HAL_Driver/Src/stm32f3xx_hal_adc.o
 .debug_info    0x00001485     0x27bb ./Drivers/STM32F3xx_HAL_Driver/Src/stm32f3xx_hal_adc_ex.o
 .debug_info    0x00003c40     0x1216 ./Drivers/STM32F3xx_HAL_Driver/Src/stm32f3xx_hal_cortex.o
 .debug_info    0x00004e56      0x91b ./Drivers/STM32F3xx_HAL_Driver/Src/stm32f3xx_hal_dac.o
 .debug_info    0x00005771      0xdc3 ./Drivers/STM32F3xx_HAL_Driver/Src/stm32f3xx_hal_dac_ex.o
 .debug_info    0x00006534      0x9d5 ./Drivers/STM32F3xx_HAL_Driver/Src/stm32f3xx_hal_dma.o
 .debug_info    0x00006f09      0x90f ./Drivers/STM32F3xx_HAL_Driver/Src/stm32f3xx_hal_gpio.o
 .debug_info    0x00007818      0x8f0 ./Drivers/STM32F3xx_HAL_Driver/Src/stm32f3xx_hal_opamp.o
 .debug_info    0x00008108     0x1795 ./Drivers/STM32F3xx_HAL_Driver/Src/stm32f3xx_hal_rcc.o
 .debug_info    0x0000989d      0xb2f ./Drivers/STM32F3xx_HAL_Driver/Src/stm32f3xx_hal_rcc_ex.o
 .debug_info    0x0000a3cc     0x5d1a ./Drivers/STM32F3xx_HAL_Driver/Src/stm32f3xx_hal_tim.o
 .debug_info    0x000100e6     0x29a5 ./Drivers/STM32F3xx_HAL_Driver/Src/stm32f3xx_hal_tim_ex.o
 .debug_info    0x00012a8b     0x53dc ./Drivers/STM32F3xx_HAL_Driver/Src/stm32f3xx_hal_uart.o
 .debug_info    0x00017e67      0xfd6 ./Drivers/STM32F3xx_HAL_Driver/Src/stm32f3xx_hal_uart_ex.o
 .debug_info    0x00018e3d     0x2a96 ./Src/main.o
 .debug_info    0x0001b8d3     0x1b3f ./Src/stm32f3xx_hal_msp.o
 .debug_info    0x0001d412      0x6ea ./Src/stm32f3xx_it.o
 .debug_info    0x0001dafc      0x41b ./Src/system_stm32f3xx.o
 .debug_info    0x0001df17      0xa65 ./Src/user/index_info_tx.o
 .debug_info    0x0001e97c     0x179c ./Src/user/max_peak_detector.o
 .debug_info    0x00020118      0x907 ./Src/user/pga.o
 .debug_info    0x00020a1f      0xdf7 ./Src/user/ping_out.o
 .debug_info    0x00021816     0x16a0 ./Src/user/tof_master.o

.debug_abbrev   0x00000000     0x46fa
 .debug_abbrev  0x00000000       0x24 ./Core/Startup/startup_stm32f303retx.o
 .debug_abbrev  0x00000024      0x28d ./Drivers/STM32F3xx_HAL_Driver/Src/stm32f3xx_hal.o
 .debug_abbrev  0x000002b1      0x22a ./Drivers/STM32F3xx_HAL_Driver/Src/stm32f3xx_hal_adc.o
 .debug_abbrev  0x000004db      0x367 ./Drivers/STM32F3xx_HAL_Driver/Src/stm32f3xx_hal_adc_ex.o
 .debug_abbrev  0x00000842      0x3b3 ./Drivers/STM32F3xx_HAL_Driver/Src/stm32f3xx_hal_cortex.o
 .debug_abbrev  0x00000bf5      0x20f ./Drivers/STM32F3xx_HAL_Driver/Src/stm32f3xx_hal_dac.o
 .debug_abbrev  0x00000e04      0x2ac ./Drivers/STM32F3xx_HAL_Driver/Src/stm32f3xx_hal_dac_ex.o
 .debug_abbrev  0x000010b0      0x2b3 ./Drivers/STM32F3xx_HAL_Driver/Src/stm32f3xx_hal_dma.o
 .debug_abbrev  0x00001363      0x235 ./Drivers/STM32F3xx_HAL_Driver/Src/stm32f3xx_hal_gpio.o
 .debug_abbrev  0x00001598      0x20e ./Drivers/STM32F3xx_HAL_Driver/Src/stm32f3xx_hal_opamp.o
 .debug_abbrev  0x000017a6      0x36e ./Drivers/STM32F3xx_HAL_Driver/Src/stm32f3xx_hal_rcc.o
 .debug_abbrev  0x00001b14      0x2ee ./Drivers/STM32F3xx_HAL_Driver/Src/stm32f3xx_hal_rcc_ex.o
 .debug_abbrev  0x00001e02      0x37e ./Drivers/STM32F3xx_HAL_Driver/Src/stm32f3xx_hal_tim.o
 .debug_abbrev  0x00002180      0x30d ./Drivers/STM32F3xx_HAL_Driver/Src/stm32f3xx_hal_tim_ex.o
 .debug_abbrev  0x0000248d      0x48a ./Drivers/STM32F3xx_HAL_Driver/Src/stm32f3xx_hal_uart.o
 .debug_abbrev  0x00002917      0x324 ./Drivers/STM32F3xx_HAL_Driver/Src/stm32f3xx_hal_uart_ex.o
 .debug_abbrev  0x00002c3b      0x3ab ./Src/main.o
 .debug_abbrev  0x00002fe6      0x298 ./Src/stm32f3xx_hal_msp.o
 .debug_abbrev  0x0000327e      0x181 ./Src/stm32f3xx_it.o
 .debug_abbrev  0x000033ff      0x120 ./Src/system_stm32f3xx.o
 .debug_abbrev  0x0000351f      0x2e4 ./Src/user/index_info_tx.o
 .debug_abbrev  0x00003803      0x4c0 ./Src/user/max_peak_detector.o
 .debug_abbrev  0x00003cc3      0x315 ./Src/user/pga.o
 .debug_abbrev  0x00003fd8      0x436 ./Src/user/ping_out.o
 .debug_abbrev  0x0000440e      0x2ec ./Src/user/tof_master.o

.debug_aranges  0x00000000     0x1140
 .debug_aranges
                0x00000000       0x28 ./Core/Startup/startup_stm32f303retx.o
 .debug_aranges
                0x00000028       0xe0 ./Drivers/STM32F3xx_HAL_Driver/Src/stm32f3xx_hal.o
 .debug_aranges
                0x00000108       0xc8 ./Drivers/STM32F3xx_HAL_Driver/Src/stm32f3xx_hal_adc.o
 .debug_aranges
                0x000001d0      0x168 ./Drivers/STM32F3xx_HAL_Driver/Src/stm32f3xx_hal_adc_ex.o
 .debug_aranges
                0x00000338       0xb8 ./Drivers/STM32F3xx_HAL_Driver/Src/stm32f3xx_hal_cortex.o
 .debug_aranges
                0x000003f0       0xa8 ./Drivers/STM32F3xx_HAL_Driver/Src/stm32f3xx_hal_dac.o
 .debug_aranges
                0x00000498       0xb8 ./Drivers/STM32F3xx_HAL_Driver/Src/stm32f3xx_hal_dac_ex.o
 .debug_aranges
                0x00000550       0x78 ./Drivers/STM32F3xx_HAL_Driver/Src/stm32f3xx_hal_dma.o
 .debug_aranges
                0x000005c8       0x58 ./Drivers/STM32F3xx_HAL_Driver/Src/stm32f3xx_hal_gpio.o
 .debug_aranges
                0x00000620       0x68 ./Drivers/STM32F3xx_HAL_Driver/Src/stm32f3xx_hal_opamp.o
 .debug_aranges
                0x00000688       0x88 ./Drivers/STM32F3xx_HAL_Driver/Src/stm32f3xx_hal_rcc.o
 .debug_aranges
                0x00000710       0x30 ./Drivers/STM32F3xx_HAL_Driver/Src/stm32f3xx_hal_rcc_ex.o
 .debug_aranges
                0x00000740      0x3b0 ./Drivers/STM32F3xx_HAL_Driver/Src/stm32f3xx_hal_tim.o
 .debug_aranges
                0x00000af0      0x170 ./Drivers/STM32F3xx_HAL_Driver/Src/stm32f3xx_hal_tim_ex.o
 .debug_aranges
                0x00000c60      0x218 ./Drivers/STM32F3xx_HAL_Driver/Src/stm32f3xx_hal_uart.o
 .debug_aranges
                0x00000e78       0x68 ./Drivers/STM32F3xx_HAL_Driver/Src/stm32f3xx_hal_uart_ex.o
 .debug_aranges
                0x00000ee0       0x38 ./Src/main.o
 .debug_aranges
                0x00000f18       0x70 ./Src/stm32f3xx_hal_msp.o
 .debug_aranges
                0x00000f88       0x38 ./Src/stm32f3xx_it.o
 .debug_aranges
                0x00000fc0       0x28 ./Src/system_stm32f3xx.o
 .debug_aranges
                0x00000fe8       0x38 ./Src/user/index_info_tx.o
 .debug_aranges
                0x00001020       0x60 ./Src/user/max_peak_detector.o
 .debug_aranges
                0x00001080       0x48 ./Src/user/pga.o
 .debug_aranges
                0x000010c8       0x58 ./Src/user/ping_out.o
 .debug_aranges
                0x00001120       0x20 ./Src/user/tof_master.o

.debug_str      0x00000000    0xd3e32
 .debug_str     0x00000000    0xd3e32 ./Core/Startup/startup_stm32f303retx.o
                                 0xc9 (size before relaxing)
 .debug_str     0x000d3e32    0xce752 ./Drivers/STM32F3xx_HAL_Driver/Src/stm32f3xx_hal.o
 .debug_str     0x000d3e32    0xce496 ./Drivers/STM32F3xx_HAL_Driver/Src/stm32f3xx_hal_adc.o
 .debug_str     0x000d3e32    0xcebb5 ./Drivers/STM32F3xx_HAL_Driver/Src/stm32f3xx_hal_adc_ex.o
 .debug_str     0x000d3e32    0xce7d8 ./Drivers/STM32F3xx_HAL_Driver/Src/stm32f3xx_hal_cortex.o
 .debug_str     0x000d3e32    0xce2ad ./Drivers/STM32F3xx_HAL_Driver/Src/stm32f3xx_hal_dac.o
 .debug_str     0x000d3e32    0xce3b6 ./Drivers/STM32F3xx_HAL_Driver/Src/stm32f3xx_hal_dac_ex.o
 .debug_str     0x000d3e32    0xce1f1 ./Drivers/STM32F3xx_HAL_Driver/Src/stm32f3xx_hal_dma.o
 .debug_str     0x000d3e32    0xce08e ./Drivers/STM32F3xx_HAL_Driver/Src/stm32f3xx_hal_gpio.o
 .debug_str     0x000d3e32    0xce167 ./Drivers/STM32F3xx_HAL_Driver/Src/stm32f3xx_hal_opamp.o
 .debug_str     0x000d3e32    0xce33b ./Drivers/STM32F3xx_HAL_Driver/Src/stm32f3xx_hal_rcc.o
 .debug_str     0x000d3e32    0xce185 ./Drivers/STM32F3xx_HAL_Driver/Src/stm32f3xx_hal_rcc_ex.o
 .debug_str     0x000d3e32    0xcf2e0 ./Drivers/STM32F3xx_HAL_Driver/Src/stm32f3xx_hal_tim.o
 .debug_str     0x000d3e32    0xceb26 ./Drivers/STM32F3xx_HAL_Driver/Src/stm32f3xx_hal_tim_ex.o
 .debug_str     0x000d3e32    0xcebba ./Drivers/STM32F3xx_HAL_Driver/Src/stm32f3xx_hal_uart.o
 .debug_str     0x000d3e32    0xce4bf ./Drivers/STM32F3xx_HAL_Driver/Src/stm32f3xx_hal_uart_ex.o
 .debug_str     0x000d3e32    0xcfa16 ./Src/main.o
 .debug_str     0x000d3e32    0xcf2b0 ./Src/stm32f3xx_hal_msp.o
 .debug_str     0x000d3e32    0xce412 ./Src/stm32f3xx_it.o
 .debug_str     0x000d3e32    0xcde84 ./Src/system_stm32f3xx.o
 .debug_str     0x000d3e32    0xcea5a ./Src/user/index_info_tx.o
 .debug_str     0x000d3e32    0xcf619 ./Src/user/max_peak_detector.o
 .debug_str     0x000d3e32    0xce802 ./Src/user/pga.o
 .debug_str     0x000d3e32    0xcef09 ./Src/user/ping_out.o
 .debug_str     0x000d3e32    0xcf92c ./Src/user/tof_master.o

.debug_rnglists
                0x00000000     0x15e2
 .debug_rnglists
                0x00000000       0x19 ./Core/Startup/startup_stm32f303retx.o
 .debug_rnglists
                0x00000019       0xa3 ./Drivers/STM32F3xx_HAL_Driver/Src/stm32f3xx_hal.o
 .debug_rnglists
                0x000000bc       0x91 ./Drivers/STM32F3xx_HAL_Driver/Src/stm32f3xx_hal_adc.o
 .debug_rnglists
                0x0000014d      0x125 ./Drivers/STM32F3xx_HAL_Driver/Src/stm32f3xx_hal_adc_ex.o
 .debug_rnglists
                0x00000272       0xdb ./Drivers/STM32F3xx_HAL_Driver/Src/stm32f3xx_hal_cortex.o
 .debug_rnglists
                0x0000034d       0x7a ./Drivers/STM32F3xx_HAL_Driver/Src/stm32f3xx_hal_dac.o
 .debug_rnglists
                0x000003c7       0x89 ./Drivers/STM32F3xx_HAL_Driver/Src/stm32f3xx_hal_dac_ex.o
 .debug_rnglists
                0x00000450       0x9b ./Drivers/STM32F3xx_HAL_Driver/Src/stm32f3xx_hal_dma.o
 .debug_rnglists
                0x000004eb       0x53 ./Drivers/STM32F3xx_HAL_Driver/Src/stm32f3xx_hal_gpio.o
 .debug_rnglists
                0x0000053e       0x4c ./Drivers/STM32F3xx_HAL_Driver/Src/stm32f3xx_hal_opamp.o
 .debug_rnglists
                0x0000058a      0x205 ./Drivers/STM32F3xx_HAL_Driver/Src/stm32f3xx_hal_rcc.o
 .debug_rnglists
                0x0000078f       0x7e ./Drivers/STM32F3xx_HAL_Driver/Src/stm32f3xx_hal_rcc_ex.o
 .debug_rnglists
                0x0000080d      0x459 ./Drivers/STM32F3xx_HAL_Driver/Src/stm32f3xx_hal_tim.o
 .debug_rnglists
                0x00000c66      0x18a ./Drivers/STM32F3xx_HAL_Driver/Src/stm32f3xx_hal_tim_ex.o
 .debug_rnglists
                0x00000df0      0x342 ./Drivers/STM32F3xx_HAL_Driver/Src/stm32f3xx_hal_uart.o
 .debug_rnglists
                0x00001132       0x4c ./Drivers/STM32F3xx_HAL_Driver/Src/stm32f3xx_hal_uart_ex.o
 .debug_rnglists
                0x0000117e       0x97 ./Src/main.o
 .debug_rnglists
                0x00001215      0x10b ./Src/stm32f3xx_hal_msp.o
 .debug_rnglists
                0x00001320       0x25 ./Src/stm32f3xx_it.o
 .debug_rnglists
                0x00001345       0x19 ./Src/system_stm32f3xx.o
 .debug_rnglists
                0x0000135e       0x31 ./Src/user/index_info_tx.o
 .debug_rnglists
                0x0000138f       0xb7 ./Src/user/max_peak_detector.o
 .debug_rnglists
                0x00001446      0x119 ./Src/user/pga.o
 .debug_rnglists
                0x0000155f       0x70 ./Src/user/ping_out.o
 .debug_rnglists
                0x000015cf       0x13 ./Src/user/tof_master.o

.debug_loclists
                0x00000000     0xe665
 .debug_loclists
                0x00000000       0xd9 ./Drivers/STM32F3xx_HAL_Driver/Src/stm32f3xx_hal.o
 .debug_loclists
                0x000000d9       0xfb ./Drivers/STM32F3xx_HAL_Driver/Src/stm32f3xx_hal_adc.o
 .debug_loclists
                0x000001d4     0x17f1 ./Drivers/STM32F3xx_HAL_Driver/Src/stm32f3xx_hal_adc_ex.o
 .debug_loclists
                0x000019c5      0x6ca ./Drivers/STM32F3xx_HAL_Driver/Src/stm32f3xx_hal_cortex.o
 .debug_loclists
                0x0000208f      0x1e3 ./Drivers/STM32F3xx_HAL_Driver/Src/stm32f3xx_hal_dac.o
 .debug_loclists
                0x00002272      0x6f9 ./Drivers/STM32F3xx_HAL_Driver/Src/stm32f3xx_hal_dac_ex.o
 .debug_loclists
                0x0000296b      0x57c ./Drivers/STM32F3xx_HAL_Driver/Src/stm32f3xx_hal_dma.o
 .debug_loclists
                0x00002ee7      0x444 ./Drivers/STM32F3xx_HAL_Driver/Src/stm32f3xx_hal_gpio.o
 .debug_loclists
                0x0000332b      0x4dc ./Drivers/STM32F3xx_HAL_Driver/Src/stm32f3xx_hal_opamp.o
 .debug_loclists
                0x00003807      0x868 ./Drivers/STM32F3xx_HAL_Driver/Src/stm32f3xx_hal_rcc.o
 .debug_loclists
                0x0000406f      0x880 ./Drivers/STM32F3xx_HAL_Driver/Src/stm32f3xx_hal_rcc_ex.o
 .debug_loclists
                0x000048ef     0x3ab2 ./Drivers/STM32F3xx_HAL_Driver/Src/stm32f3xx_hal_tim.o
 .debug_loclists
                0x000083a1     0x1c26 ./Drivers/STM32F3xx_HAL_Driver/Src/stm32f3xx_hal_tim_ex.o
 .debug_loclists
                0x00009fc7     0x30c9 ./Drivers/STM32F3xx_HAL_Driver/Src/stm32f3xx_hal_uart.o
 .debug_loclists
                0x0000d090      0x7ac ./Drivers/STM32F3xx_HAL_Driver/Src/stm32f3xx_hal_uart_ex.o
 .debug_loclists
                0x0000d83c       0x21 ./Src/main.o
 .debug_loclists
                0x0000d85d      0x21c ./Src/stm32f3xx_hal_msp.o
 .debug_loclists
                0x0000da79       0xbd ./Src/system_stm32f3xx.o
 .debug_loclists
                0x0000db36      0x19b ./Src/user/index_info_tx.o
 .debug_loclists
                0x0000dcd1      0x435 ./Src/user/max_peak_detector.o
 .debug_loclists
                0x0000e106      0x1ef ./Src/user/pga.o
 .debug_loclists
                0x0000e2f5      0x30b ./Src/user/ping_out.o
 .debug_loclists
                0x0000e600       0x65 ./Src/user/tof_master.o

.debug_macro    0x00000000    0x2295c
 .debug_macro   0x00000000      0x23d ./Drivers/STM32F3xx_HAL_Driver/Src/stm32f3xx_hal.o
 .debug_macro   0x0000023d      0xad8 ./Drivers/STM32F3xx_HAL_Driver/Src/stm32f3xx_hal.o
 .debug_macro   0x00000d15      0x170 ./Drivers/STM32F3xx_HAL_Driver/Src/stm32f3xx_hal.o
 .debug_macro   0x00000e85       0x2e ./Drivers/STM32F3xx_HAL_Driver/Src/stm32f3xx_hal.o
 .debug_macro   0x00000eb3       0x28 ./Drivers/STM32F3xx_HAL_Driver/Src/stm32f3xx_hal.o
 .debug_macro   0x00000edb       0x22 ./Drivers/STM32F3xx_HAL_Driver/Src/stm32f3xx_hal.o
 .debug_macro   0x00000efd       0x8e ./Drivers/STM32F3xx_HAL_Driver/Src/stm32f3xx_hal.o
 .debug_macro   0x00000f8b       0x51 ./Drivers/STM32F3xx_HAL_Driver/Src/stm32f3xx_hal.o
 .debug_macro   0x00000fdc      0x103 ./Drivers/STM32F3xx_HAL_Driver/Src/stm32f3xx_hal.o
 .debug_macro   0x000010df       0x6a ./Drivers/STM32F3xx_HAL_Driver/Src/stm32f3xx_hal.o
 .debug_macro   0x00001149      0x1df ./Drivers/STM32F3xx_HAL_Driver/Src/stm32f3xx_hal.o
 .debug_macro   0x00001328       0x1c ./Drivers/STM32F3xx_HAL_Driver/Src/stm32f3xx_hal.o
 .debug_macro   0x00001344       0x22 ./Drivers/STM32F3xx_HAL_Driver/Src/stm32f3xx_hal.o
 .debug_macro   0x00001366       0xd9 ./Drivers/STM32F3xx_HAL_Driver/Src/stm32f3xx_hal.o
 .debug_macro   0x0000143f     0x102d ./Drivers/STM32F3xx_HAL_Driver/Src/stm32f3xx_hal.o
 .debug_macro   0x0000246c      0x11f ./Drivers/STM32F3xx_HAL_Driver/Src/stm32f3xx_hal.o
 .debug_macro   0x0000258b    0x1535a ./Drivers/STM32F3xx_HAL_Driver/Src/stm32f3xx_hal.o
 .debug_macro   0x000178e5       0x6d ./Drivers/STM32F3xx_HAL_Driver/Src/stm32f3xx_hal.o
 .debug_macro   0x00017952     0x3574 ./Drivers/STM32F3xx_HAL_Driver/Src/stm32f3xx_hal.o
 .debug_macro   0x0001aec6      0x190 ./Drivers/STM32F3xx_HAL_Driver/Src/stm32f3xx_hal.o
 .debug_macro   0x0001b056       0x55 ./Drivers/STM32F3xx_HAL_Driver/Src/stm32f3xx_hal.o
 .debug_macro   0x0001b0ab      0x953 ./Drivers/STM32F3xx_HAL_Driver/Src/stm32f3xx_hal.o
 .debug_macro   0x0001b9fe      0x84a ./Drivers/STM32F3xx_HAL_Driver/Src/stm32f3xx_hal.o
 .debug_macro   0x0001c248      0x1b5 ./Drivers/STM32F3xx_HAL_Driver/Src/stm32f3xx_hal.o
 .debug_macro   0x0001c3fd      0x23a ./Drivers/STM32F3xx_HAL_Driver/Src/stm32f3xx_hal.o
 .debug_macro   0x0001c637      0x1ea ./Drivers/STM32F3xx_HAL_Driver/Src/stm32f3xx_hal.o
 .debug_macro   0x0001c821      0x1bc ./Drivers/STM32F3xx_HAL_Driver/Src/stm32f3xx_hal.o
 .debug_macro   0x0001c9dd       0x30 ./Drivers/STM32F3xx_HAL_Driver/Src/stm32f3xx_hal.o
 .debug_macro   0x0001ca0d       0x3c ./Drivers/STM32F3xx_HAL_Driver/Src/stm32f3xx_hal.o
 .debug_macro   0x0001ca49      0x235 ./Drivers/STM32F3xx_HAL_Driver/Src/stm32f3xx_hal.o
 .debug_macro   0x0001cc7e      0x9fe ./Drivers/STM32F3xx_HAL_Driver/Src/stm32f3xx_hal.o
 .debug_macro   0x0001d67c       0x77 ./Drivers/STM32F3xx_HAL_Driver/Src/stm32f3xx_hal.o
 .debug_macro   0x0001d6f3      0x176 ./Drivers/STM32F3xx_HAL_Driver/Src/stm32f3xx_hal.o
 .debug_macro   0x0001d869       0x61 ./Drivers/STM32F3xx_HAL_Driver/Src/stm32f3xx_hal.o
 .debug_macro   0x0001d8ca       0xc5 ./Drivers/STM32F3xx_HAL_Driver/Src/stm32f3xx_hal.o
 .debug_macro   0x0001d98f      0x21d ./Drivers/STM32F3xx_HAL_Driver/Src/stm32f3xx_hal.o
 .debug_macro   0x0001dbac      0x22c ./Drivers/STM32F3xx_HAL_Driver/Src/stm32f3xx_hal.o
 .debug_macro   0x0001ddd8       0x5b ./Drivers/STM32F3xx_HAL_Driver/Src/stm32f3xx_hal.o
 .debug_macro   0x0001de33       0xa5 ./Drivers/STM32F3xx_HAL_Driver/Src/stm32f3xx_hal.o
 .debug_macro   0x0001ded8      0x17d ./Drivers/STM32F3xx_HAL_Driver/Src/stm32f3xx_hal.o
 .debug_macro   0x0001e055       0x81 ./Drivers/STM32F3xx_HAL_Driver/Src/stm32f3xx_hal.o
 .debug_macro   0x0001e0d6       0xd3 ./Drivers/STM32F3xx_HAL_Driver/Src/stm32f3xx_hal.o
 .debug_macro   0x0001e1a9      0xa60 ./Drivers/STM32F3xx_HAL_Driver/Src/stm32f3xx_hal.o
 .debug_macro   0x0001ec09       0xba ./Drivers/STM32F3xx_HAL_Driver/Src/stm32f3xx_hal.o
 .debug_macro   0x0001ecc3      0x5ba ./Drivers/STM32F3xx_HAL_Driver/Src/stm32f3xx_hal.o
 .debug_macro   0x0001f27d       0x44 ./Drivers/STM32F3xx_HAL_Driver/Src/stm32f3xx_hal.o
 .debug_macro   0x0001f2c1      0x347 ./Drivers/STM32F3xx_HAL_Driver/Src/stm32f3xx_hal.o
 .debug_macro   0x0001f608      0x21a ./Drivers/STM32F3xx_HAL_Driver/Src/stm32f3xx_hal_adc.o
 .debug_macro   0x0001f822      0x243 ./Drivers/STM32F3xx_HAL_Driver/Src/stm32f3xx_hal_adc_ex.o
 .debug_macro   0x0001fa65      0x219 ./Drivers/STM32F3xx_HAL_Driver/Src/stm32f3xx_hal_cortex.o
 .debug_macro   0x0001fc7e      0x21a ./Drivers/STM32F3xx_HAL_Driver/Src/stm32f3xx_hal_dac.o
 .debug_macro   0x0001fe98      0x219 ./Drivers/STM32F3xx_HAL_Driver/Src/stm32f3xx_hal_dac_ex.o
 .debug_macro   0x000200b1      0x219 ./Drivers/STM32F3xx_HAL_Driver/Src/stm32f3xx_hal_dma.o
 .debug_macro   0x000202ca      0x220 ./Drivers/STM32F3xx_HAL_Driver/Src/stm32f3xx_hal_gpio.o
 .debug_macro   0x000204ea      0x221 ./Drivers/STM32F3xx_HAL_Driver/Src/stm32f3xx_hal_opamp.o
 .debug_macro   0x0002070b      0x23d ./Drivers/STM32F3xx_HAL_Driver/Src/stm32f3xx_hal_rcc.o
 .debug_macro   0x00020948      0x219 ./Drivers/STM32F3xx_HAL_Driver/Src/stm32f3xx_hal_rcc_ex.o
 .debug_macro   0x00020b61      0x21a ./Drivers/STM32F3xx_HAL_Driver/Src/stm32f3xx_hal_tim.o
 .debug_macro   0x00020d7b      0x219 ./Drivers/STM32F3xx_HAL_Driver/Src/stm32f3xx_hal_tim_ex.o
 .debug_macro   0x00020f94      0x236 ./Drivers/STM32F3xx_HAL_Driver/Src/stm32f3xx_hal_uart.o
 .debug_macro   0x000211ca      0x219 ./Drivers/STM32F3xx_HAL_Driver/Src/stm32f3xx_hal_uart_ex.o
 .debug_macro   0x000213e3      0x28b ./Src/main.o
 .debug_macro   0x0002166e       0x70 ./Src/main.o
 .debug_macro   0x000216de       0x22 ./Src/main.o
 .debug_macro   0x00021700       0x22 ./Src/main.o
 .debug_macro   0x00021722       0x22 ./Src/main.o
 .debug_macro   0x00021744      0x228 ./Src/stm32f3xx_hal_msp.o
 .debug_macro   0x0002196c      0x232 ./Src/stm32f3xx_it.o
 .debug_macro   0x00021b9e      0x219 ./Src/system_stm32f3xx.o
 .debug_macro   0x00021db7      0x237 ./Src/user/index_info_tx.o
 .debug_macro   0x00021fee      0x256 ./Src/user/max_peak_detector.o
 .debug_macro   0x00022244      0x24f ./Src/user/pga.o
 .debug_macro   0x00022493      0x25f ./Src/user/ping_out.o
 .debug_macro   0x000226f2       0x10 ./Src/user/ping_out.o
 .debug_macro   0x00022702      0x25a ./Src/user/tof_master.o

.comment        0x00000000       0x43
 .comment       0x00000000       0x43 ./Drivers/STM32F3xx_HAL_Driver/Src/stm32f3xx_hal.o
                                 0x44 (size before relaxing)
 .comment       0x00000043       0x44 ./Drivers/STM32F3xx_HAL_Driver/Src/stm32f3xx_hal_adc.o
 .comment       0x00000043       0x44 ./Drivers/STM32F3xx_HAL_Driver/Src/stm32f3xx_hal_adc_ex.o
 .comment       0x00000043       0x44 ./Drivers/STM32F3xx_HAL_Driver/Src/stm32f3xx_hal_cortex.o
 .comment       0x00000043       0x44 ./Drivers/STM32F3xx_HAL_Driver/Src/stm32f3xx_hal_dac.o
 .comment       0x00000043       0x44 ./Drivers/STM32F3xx_HAL_Driver/Src/stm32f3xx_hal_dac_ex.o
 .comment       0x00000043       0x44 ./Drivers/STM32F3xx_HAL_Driver/Src/stm32f3xx_hal_dma.o
 .comment       0x00000043       0x44 ./Drivers/STM32F3xx_HAL_Driver/Src/stm32f3xx_hal_gpio.o
 .comment       0x00000043       0x44 ./Drivers/STM32F3xx_HAL_Driver/Src/stm32f3xx_hal_opamp.o
 .comment       0x00000043       0x44 ./Drivers/STM32F3xx_HAL_Driver/Src/stm32f3xx_hal_rcc.o
 .comment       0x00000043       0x44 ./Drivers/STM32F3xx_HAL_Driver/Src/stm32f3xx_hal_rcc_ex.o
 .comment       0x00000043       0x44 ./Drivers/STM32F3xx_HAL_Driver/Src/stm32f3xx_hal_tim.o
 .comment       0x00000043       0x44 ./Drivers/STM32F3xx_HAL_Driver/Src/stm32f3xx_hal_tim_ex.o
 .comment       0x00000043       0x44 ./Drivers/STM32F3xx_HAL_Driver/Src/stm32f3xx_hal_uart.o
 .comment       0x00000043       0x44 ./Drivers/STM32F3xx_HAL_Driver/Src/stm32f3xx_hal_uart_ex.o
 .comment       0x00000043       0x44 ./Src/main.o
 .comment       0x00000043       0x44 ./Src/stm32f3xx_hal_msp.o
 .comment       0x00000043       0x44 ./Src/stm32f3xx_it.o
 .comment       0x00000043       0x44 ./Src/system_stm32f3xx.o
 .comment       0x00000043       0x44 ./Src/user/index_info_tx.o
 .comment       0x00000043       0x44 ./Src/user/max_peak_detector.o
 .comment       0x00000043       0x44 ./Src/user/pga.o
 .comment       0x00000043       0x44 ./Src/user/ping_out.o
 .comment       0x00000043       0x44 ./Src/user/tof_master.o

.debug_frame    0x00000000     0x31a4
 .debug_frame   0x00000000      0x1d4 ./Drivers/STM32F3xx_HAL_Driver/Src/stm32f3xx_hal.o
 .debug_frame   0x000001d4      0x178 ./Drivers/STM32F3xx_HAL_Driver/Src/stm32f3xx_hal_adc.o
 .debug_frame   0x0000034c      0x4e0 ./Drivers/STM32F3xx_HAL_Driver/Src/stm32f3xx_hal_adc_ex.o
 .debug_frame   0x0000082c      0x1a8 ./Drivers/STM32F3xx_HAL_Driver/Src/stm32f3xx_hal_cortex.o
 .debug_frame   0x000009d4      0x164 ./Drivers/STM32F3xx_HAL_Driver/Src/stm32f3xx_hal_dac.o
 .debug_frame   0x00000b38      0x1f8 ./Drivers/STM32F3xx_HAL_Driver/Src/stm32f3xx_hal_dac_ex.o
 .debug_frame   0x00000d30      0x160 ./Drivers/STM32F3xx_HAL_Driver/Src/stm32f3xx_hal_dma.o
 .debug_frame   0x00000e90      0x108 ./Drivers/STM32F3xx_HAL_Driver/Src/stm32f3xx_hal_gpio.o
 .debug_frame   0x00000f98      0x16c ./Drivers/STM32F3xx_HAL_Driver/Src/stm32f3xx_hal_opamp.o
 .debug_frame   0x00001104      0x194 ./Drivers/STM32F3xx_HAL_Driver/Src/stm32f3xx_hal_rcc.o
 .debug_frame   0x00001298       0x88 ./Drivers/STM32F3xx_HAL_Driver/Src/stm32f3xx_hal_rcc_ex.o
 .debug_frame   0x00001320      0xbb4 ./Drivers/STM32F3xx_HAL_Driver/Src/stm32f3xx_hal_tim.o
 .debug_frame   0x00001ed4      0x48c ./Drivers/STM32F3xx_HAL_Driver/Src/stm32f3xx_hal_tim_ex.o
 .debug_frame   0x00002360      0x648 ./Drivers/STM32F3xx_HAL_Driver/Src/stm32f3xx_hal_uart.o
 .debug_frame   0x000029a8      0x134 ./Drivers/STM32F3xx_HAL_Driver/Src/stm32f3xx_hal_uart_ex.o
 .debug_frame   0x00002adc       0x78 ./Src/main.o
 .debug_frame   0x00002b54      0x174 ./Src/stm32f3xx_hal_msp.o
 .debug_frame   0x00002cc8       0x50 ./Src/stm32f3xx_it.o
 .debug_frame   0x00002d18       0x3c ./Src/system_stm32f3xx.o
 .debug_frame   0x00002d54       0x70 ./Src/user/index_info_tx.o
 .debug_frame   0x00002dc4       0xd8 ./Src/user/max_peak_detector.o
 .debug_frame   0x00002e9c       0x80 ./Src/user/pga.o
 .debug_frame   0x00002f1c      0x110 ./Src/user/ping_out.o
 .debug_frame   0x0000302c       0x2c ./Src/user/tof_master.o
 .debug_frame   0x00003058       0x20 G:/STM32CubeIDE_1.18.0/STM32CubeIDE/plugins/com.st.stm32cube.ide.mcu.externaltools.gnu-tools-for-stm32.13.3.rel1.win32_1.0.0.202411081344/tools/bin/../lib/gcc/arm-none-eabi/13.3.1/../../../../arm-none-eabi/lib/thumb/v7e-m+fp/hard\libc_nano.a(libc_a-memset.o)
 .debug_frame   0x00003078       0x2c G:/STM32CubeIDE_1.18.0/STM32CubeIDE/plugins/com.st.stm32cube.ide.mcu.externaltools.gnu-tools-for-stm32.13.3.rel1.win32_1.0.0.202411081344/tools/bin/../lib/gcc/arm-none-eabi/13.3.1/../../../../arm-none-eabi/lib/thumb/v7e-m+fp/hard\libc_nano.a(libc_a-init.o)
 .debug_frame   0x000030a4       0x30 G:/STM32CubeIDE_1.18.0/STM32CubeIDE/plugins/com.st.stm32cube.ide.mcu.externaltools.gnu-tools-for-stm32.13.3.rel1.win32_1.0.0.202411081344/tools/bin/../lib/gcc/arm-none-eabi/13.3.1/thumb/v7e-m+fp/hard\libgcc.a(_arm_muldf3.o)
 .debug_frame   0x000030d4       0xac G:/STM32CubeIDE_1.18.0/STM32CubeIDE/plugins/com.st.stm32cube.ide.mcu.externaltools.gnu-tools-for-stm32.13.3.rel1.win32_1.0.0.202411081344/tools/bin/../lib/gcc/arm-none-eabi/13.3.1/thumb/v7e-m+fp/hard\libgcc.a(_arm_addsubdf3.o)
 .debug_frame   0x00003180       0x24 G:/STM32CubeIDE_1.18.0/STM32CubeIDE/plugins/com.st.stm32cube.ide.mcu.externaltools.gnu-tools-for-stm32.13.3.rel1.win32_1.0.0.202411081344/tools/bin/../lib/gcc/arm-none-eabi/13.3.1/thumb/v7e-m+fp/hard\libgcc.a(_arm_fixdfsi.o)
